Component: ARM Compiler 5.06 update 5 (build 528) Tool: armlink [4d35e2]

==============================================================================

Section Cross References

    boot_vectors.o(RESET) refers to boot_vectors.o(STACK) for __initial_sp
    boot_vectors.o(RESET) refers to boot_vectors.o(.text) for Reset_Handler
    boot_vectors.o(RESET) refers to rwble.o(.text) for BLE_WAKEUP_LP_Handler
    boot_vectors.o(RESET) refers to pwm.o(.text) for SWTIM_Handler
    boot_vectors.o(RESET) refers to wkupct_quadec.o(.text) for WKUP_QUADEC_Handler
    boot_vectors.o(RESET) refers to uart2.o(.text) for UART2_Handler
    boot_vectors.o(RESET) refers to gpio.o(.text) for GPIO0_Handler
    boot_vectors.o(.text) refers to system_armcm0.o(.text) for SystemInit
    boot_vectors.o(.text) refers to entry.o(.ARM.Collect$$$$00000000) for __main
    boot_vectors.o(.text) refers to nmi_handler.o(.text) for NMI_HandlerC
    boot_vectors.o(.text) refers to hardfault_handler.o(.text) for HardFault_HandlerC
    boot_vectors.o(.text) refers to arch_patch.o(.text) for SVC_Handler_c
    nvds.o(.text) refers to nvds.o(retention_mem_area0) for retention_mem_area0
    arch_main.o(.text) refers to arch_system.o(.text) for system_init
    arch_main.o(.text) refers to rwip.o(.text) for rwip_sleep
    arch_main.o(.text) refers to jump_table.o(jump_table_mem_area) for jump_table_base
    arch_main.o(.text) refers to rwble.o(retention_mem_area0) for fine_hit
    arch_main.o(.constdata) refers to user_main.o(.text) for user_app_init
    jump_table.o(jump_table_mem_area) refers to arch_main.o(.text) for main_func
    jump_table.o(jump_table_mem_area) refers to rf_580.o(.text) for rf_init_func
    jump_table.o(jump_table_mem_area) refers to prf_utils.o(.text) for prf_init_func
    jump_table.o(jump_table_mem_area) refers to arch_system.o(.text) for uart_flow_off_func
    jump_table.o(jump_table_mem_area) refers to rwble.o(.text) for lld_sleep_compensate_func_patched
    jump_table.o(jump_table_mem_area) refers to jump_table.o(heap_mem_area_not_ret) for rwip_heap_non_ret
    jump_table.o(jump_table_mem_area) refers to jump_table.o(heap_env_area) for rwip_heap_env_ret
    jump_table.o(jump_table_mem_area) refers to jump_table.o(heap_db_area) for rwip_heap_db_ret
    jump_table.o(jump_table_mem_area) refers to jump_table.o(heap_msg_area) for rwip_heap_msg_ret
    jump_table.o(jump_table_mem_area) refers to ke_task.obj(.text) for ke_task_init_func
    jump_table.o(jump_table_mem_area) refers to nvds.o(.text) for custom_nvds_get_func
    jump_table.o(jump_table_mem_area) refers to jump_table.o(.constdata) for LUT_CFG
    arch_sleep.o(.text) refers to arch_sleep.o(retention_mem_area0) for retention_mem_area0
    arch_sleep.o(.text) refers to arch_sleep.o(.text) for arch_set_deep_sleep
    arch_sleep.o(.text) refers to arch_sleep.o(retention_mem_area0) for retention_mem_area0
    arch_sleep.o(.text) refers to arch_sleep.o(.text) for arch_get_sleep_mode
    arch_sleep.o(.text) refers to arch_sleep.o(.text) for arch_disable_sleep
    arch_sleep.o(.text) refers to arch_sleep.o(retention_mem_area0) for retention_mem_area0
    arch_sleep.o(.text) refers to arch_sleep.o(retention_mem_area0) for retention_mem_area0
    arch_sleep.o(.text) refers to arch_sleep.o(retention_mem_area0) for retention_mem_area0
    arch_sleep.o(.text) refers to rwble.o(retention_mem_area0) for arch_rwble_last_event
    arch_system.o(.text) refers to arch_system.o(retention_mem_area0) for retention_mem_area0
    arch_system.o(.text) refers to trng.o(.text) for trng_acquire
    arch_system.o(.text) refers to gpio.o(.text) for GPIO_init
    arch_system.o(.text) refers to nvds.o(.text) for nvds_read_bdaddr_from_otp
    arch_system.o(.text) refers to user_periph_setup.o(.text) for periph_init
    arch_system.o(.text) refers to rf_580.o(.text) for iq_trim_from_otp
    arch_system.o(.text) refers to arch_patch.o(.text) for patch_llm_task
    arch_system.o(.text) refers to llc.obj(.text) for patch_llc_task
    arch_system.o(.text) refers to atts_task.obj(.text) for patch_atts_task
    arch_system.o(.text) refers to gapc_task.obj(.text) for patch_gapc_task
    arch_system.o(.text) refers to arch_sleep.o(.text) for arch_disable_sleep
    arch_system.o(.text) refers to app.o(.text) for app_init
    arch_system.o(.text) refers to user_main.o(.text) for user_app_init
    arch_system.o(.text) refers to arch_system.o(retention_mem_area0) for retention_mem_area0
    arch_system.o(.text) refers to arch_main.o(retention_mem_area0) for sys_startup_flag
    arch_system.o(.text) refers to arch_system.o(.data) for .data
    arch_system.o(.constdata) refers to user_main.o(.text) for user_app_init
    arch_patch.o(.text) refers to arch_patch.o(.constdata) for .constdata
    arch_patch.o(.text) refers to jump_table.o(jump_table_mem_area) for jump_table_base
    arch_patch.o(.constdata) refers to atts_util.obj(.text) for atts_read_resp_patch
[...]
    gattc_default_handler                    0x000345b0   Data           0  rom_symdef.txt ABSOLUTE
    gattm_default_state                      0x00034604   Data           0  rom_symdef.txt ABSOLUTE
    gattm_state_handler                      0x00034614   Data           0  rom_symdef.txt ABSOLUTE
    gattm_default_handler                    0x00034624   Data           0  rom_symdef.txt ABSOLUTE
    l2cc_default_state                       0x0003463c   Data           0  rom_symdef.txt ABSOLUTE
    l2cc_state_handler                       0x00034654   Data           0  rom_symdef.txt ABSOLUTE
    l2cc_default_handler                     0x0003466c   Data           0  rom_symdef.txt ABSOLUTE
    l2cm_default_state                       0x00034684   Data           0  rom_symdef.txt ABSOLUTE
    l2cm_state_handler                       0x0003468c   Data           0  rom_symdef.txt ABSOLUTE
    l2cm_default_handler                     0x00034694   Data           0  rom_symdef.txt ABSOLUTE
    smpc_default_state                       0x000346c8   Data           0  rom_symdef.txt ABSOLUTE
    smpc_state_handler                       0x00034760   Data           0  rom_symdef.txt ABSOLUTE
    smpc_default_handler                     0x00034780   Data           0  rom_symdef.txt ABSOLUTE
    smpm_default_state                       0x00034798   Data           0  rom_symdef.txt ABSOLUTE
    smpm_state_handler                       0x000347d0   Data           0  rom_symdef.txt ABSOLUTE
    smpm_default_handler                     0x000347e0   Data           0  rom_symdef.txt ABSOLUTE
    gapc_default_state                       0x000347f8   Data           0  rom_symdef.txt ABSOLUTE
    gapc_state_handler                       0x00034910   Data           0  rom_symdef.txt ABSOLUTE
    gapc_default_handler                     0x00034928   Data           0  rom_symdef.txt ABSOLUTE
    gapm_default_state                       0x000349ec   Data           0  rom_symdef.txt ABSOLUTE
    gapm_state_handler                       0x00034b94   Data           0  rom_symdef.txt ABSOLUTE
    gapm_default_handler                     0x00034bbc   Data           0  rom_symdef.txt ABSOLUTE
    smpc_construct_pdu                       0x00034ce8   Data           0  rom_symdef.txt ABSOLUTE
    smpc_recv_pdu                            0x00034d18   Data           0  rom_symdef.txt ABSOLUTE
    dummy                                    0x00080000   Data           0  rom_symdef.txt ABSOLUTE
    sleep_env                                0x00080254   Data           0  rom_symdef.txt ABSOLUTE
    iq_trim_bias_ctrl1_reg                   0x00080256   Data           0  rom_symdef.txt ABSOLUTE
    co_buf_env                               0x00080258   Data           0  rom_symdef.txt ABSOLUTE
    dbg_state                                0x00080348   Data           0  rom_symdef.txt ABSOLUTE
    iq_trim_rf_mixer_ctrl1_reg               0x0008034a   Data           0  rom_symdef.txt ABSOLUTE
    llc_env                                  0x0008034c   Data           0  rom_symdef.txt ABSOLUTE
    llc_state                                0x00080364   Data           0  rom_symdef.txt ABSOLUTE
    ret_winsize_var                          0x0008036a   Data           0  rom_symdef.txt ABSOLUTE
    lld_evt_env                              0x0008036c   Data           0  rom_symdef.txt ABSOLUTE
    lld_sleep_env                            0x0008038c   Data           0  rom_symdef.txt ABSOLUTE
    llm_le_env                               0x00080390   Data           0  rom_symdef.txt ABSOLUTE
    llm_le_env_lpus                          0x000803e4   Data           0  rom_symdef.txt ABSOLUTE
    llm_bt_env                               0x0008042a   Data           0  rom_symdef.txt ABSOLUTE
    llm_state                                0x00080432   Data           0  rom_symdef.txt ABSOLUTE
    uart_env                                 0x00080434   Data           0  rom_symdef.txt ABSOLUTE
    vcocal_ctrl_reg_val                      0x00080452   Data           0  rom_symdef.txt ABSOLUTE
    last_temp_count                          0x00080478   Data           0  rom_symdef.txt ABSOLUTE
    last_temp_time                           0x0008047c   Data           0  rom_symdef.txt ABSOLUTE
    gtl_env                                  0x00080480   Data           0  rom_symdef.txt ABSOLUTE
    gtl_state                                0x000804a4   Data           0  rom_symdef.txt ABSOLUTE
    attc_state                               0x000804a5   Data           0  rom_symdef.txt ABSOLUTE
    attm_env                                 0x000804ac   Data           0  rom_symdef.txt ABSOLUTE
    attm_state                               0x000804b4   Data           0  rom_symdef.txt ABSOLUTE
    atts_env                                 0x000804b8   Data           0  rom_symdef.txt ABSOLUTE
    atts_state                               0x000804d0   Data           0  rom_symdef.txt ABSOLUTE
    gattc_env                                0x000804d8   Data           0  rom_symdef.txt ABSOLUTE
    gattc_state                              0x000804f0   Data           0  rom_symdef.txt ABSOLUTE
    gattm_env                                0x000804f6   Data           0  rom_symdef.txt ABSOLUTE
    gattm_state                              0x000804fc   Data           0  rom_symdef.txt ABSOLUTE
    l2cc_env                                 0x00080500   Data           0  rom_symdef.txt ABSOLUTE
    l2cc_state                               0x00080518   Data           0  rom_symdef.txt ABSOLUTE
    l2cm_env                                 0x0008051e   Data           0  rom_symdef.txt ABSOLUTE
    l2cm_state                               0x00080524   Data           0  rom_symdef.txt ABSOLUTE
    smpc_env                                 0x00080528   Data           0  rom_symdef.txt ABSOLUTE
    smpc_state                               0x00080540   Data           0  rom_symdef.txt ABSOLUTE
    smpm_env                                 0x00080548   Data           0  rom_symdef.txt ABSOLUTE
    smpm_state                               0x00080550   Data           0  rom_symdef.txt ABSOLUTE
    gapc_env                                 0x00080554   Data           0  rom_symdef.txt ABSOLUTE
    gapc_state                               0x0008056c   Data           0  rom_symdef.txt ABSOLUTE
    gap_cfg_table                            0x00080574   Data           0  rom_symdef.txt ABSOLUTE
    gapm_env                                 0x00080578   Data           0  rom_symdef.txt ABSOLUTE
    gapm_state                               0x000805a4   Data           0  rom_symdef.txt ABSOLUTE
    ke_env                                   0x000805a8   Data           0  rom_symdef.txt ABSOLUTE
    ke_task_env                              0x00080604   Data           0  rom_symdef.txt ABSOLUTE
    nvds_data_ptr                            0x000806c0   Data           0  rom_symdef.txt ABSOLUTE
    func_check_mem_flag                      0x000806c4   Data           0  rom_symdef.txt ABSOLUTE
    ke_mem_heaps_used                        0x000806c5   Data           0  rom_symdef.txt ABSOLUTE
    rwip_env                                 0x000806c6   Data           0  rom_symdef.txt ABSOLUTE
    ble_reg_save                             0x000806cc   Data           0  rom_symdef.txt ABSOLUTE
    rwip_rf                                  0x0008071c   Data           0  rom_symdef.txt ABSOLUTE
    rwip_heap_db_ret                         0x00080768   Data        1036  jump_table.o(heap_db_area)
    rwip_heap_env_ret                        0x00080b74   Data         340  jump_table.o(heap_env_area)
    rwip_heap_msg_ret                        0x00080cc8   Data        1324  jump_table.o(heap_msg_area)
    descript                                 0x00082a20   Data        1502  arch_main.o(BLE_exchange_memory)
    __Vectors                                0x20000000   Data           4  boot_vectors.o(RESET)
    __Vectors_End                            0x200000a0   Data           0  boot_vectors.o(RESET)
    jump_table_base                          0x20000160   Data         352  jump_table.o(jump_table_mem_area)
    gap_timeout_table                        0x200002c0   Data         100  gapm.o(timeout_table_area)
    nvds_data_storage                        0x20000340   Data         164  nvds.o(nvds_data_storage_area)
    __main                                   0x20000441   Thumb Code     0  entry.o(.ARM.Collect$$$$00000000)
    _main_stk                                0x20000441   Thumb Code     0  entry2.o(.ARM.Collect$$$$00000001)
    _main_scatterload                        0x20000445   Thumb Code     0  entry5.o(.ARM.Collect$$$$00000004)
    __main_after_scatterload                 0x20000449   Thumb Code     0  entry5.o(.ARM.Collect$$$$00000004)
    _main_clock                              0x20000449   Thumb Code     0  entry7b.o(.ARM.Collect$$$$00000008)
    _main_cpp_init                           0x20000449   Thumb Code     0  entry8b.o(.ARM.Collect$$$$0000000A)
    _main_init                               0x20000449   Thumb Code     0  entry9a.o(.ARM.Collect$$$$0000000B)
    __rt_final_cpp                           0x20000451   Thumb Code     0  entry10a.o(.ARM.Collect$$$$0000000D)
    __rt_final_exit                          0x20000451   Thumb Code     0  entry11a.o(.ARM.Collect$$$$0000000F)
    SystemInit                               0x20000455   Thumb Code    62  system_armcm0.o(.text)
    Reset_Handler                            0x200004a5   Thumb Code     8  boot_vectors.o(.text)
    PendSV_Handler                           0x200004f5   Thumb Code     2  boot_vectors.o(.text)
    SysTick_Handler                          0x200004f7   Thumb Code     2  boot_vectors.o(.text)
    ADC_Handler                              0x200004f9   Thumb Code     0  boot_vectors.o(.text)
    I2C_Handler                              0x200004f9   Thumb Code     0  boot_vectors.o(.text)
    KEYBRD_Handler                           0x200004f9   Thumb Code     0  boot_vectors.o(.text)
    RFCAL_Handler                            0x200004f9   Thumb Code     0  boot_vectors.o(.text)
    SPI_Handler                              0x200004f9   Thumb Code     0  boot_vectors.o(.text)
    HardFault_HandlerC                       0x20000511   Thumb Code    92  hardfault_handler.o(.text)
    NMI_HandlerC                             0x20000579   Thumb Code   140  nmi_handler.o(.text)
    custom_nvds_get_func                     0x20000615   Thumb Code   106  nvds.o(.text)
    nvds_read_bdaddr_from_otp                0x2000067f   Thumb Code    50  nvds.o(.text)
    main_func                                0x200006cd   Thumb Code   156  arch_main.o(.text)
    dummyf                                   0x200008a5   Thumb Code     2  jump_table.o(.text)
    arch_disable_sleep                       0x200008a9   Thumb Code    26  arch_sleep.o(.text)
    arch_set_extended_sleep                  0x200008c3   Thumb Code    26  arch_sleep.o(.text)
    arch_set_deep_sleep                      0x200008dd   Thumb Code    30  arch_sleep.o(.text)
    arch_set_sleep_mode                      0x200008fb   Thumb Code    20  arch_sleep.o(.text)
    arch_ble_ext_wakeup_get                  0x2000090f   Thumb Code     6  arch_sleep.o(.text)
    arch_ble_force_wakeup                    0x20000915   Thumb Code    46  arch_sleep.o(.text)
    set_sleep_delay                          0x20000a19   Thumb Code    10  arch_system.o(.text)
    get_rc16m_count_func                     0x20000a23   Thumb Code    28  arch_system.o(.text)
    conditionally_run_radio_cals             0x20000a3f   Thumb Code   110  arch_system.o(.text)
    lld_sleep_us_2_lpcycles_sel_func         0x20000aad   Thumb Code    10  arch_system.o(.text)
    lld_sleep_lpcycles_2_us_sel_func         0x20000ab7   Thumb Code    10  arch_system.o(.text)
    uart_flow_off_func                       0x20000ac1   Thumb Code    58  arch_system.o(.text)
    init_rand_seed_from_trng                 0x20000afb   Thumb Code    16  arch_system.o(.text)
    check_sys_startup_period                 0x20000b0b   Thumb Code    46  arch_system.o(.text)
    app_use_lower_clocks_check               0x20000b39   Thumb Code     4  arch_system.o(.text)
    lld_sleep_init_func                      0x20000b3d   Thumb Code    26  arch_system.o(.text)
    system_init                              0x20000b57   Thumb Code   198  arch_system.o(.text)
    wrap_platform_reset                      0x20000c1d   Thumb Code    16  arch_system.o(.text)
    patch_llm_task                           0x20000d23   Thumb Code    36  arch_patch.o(.text)
    gapc_con_create_patch                    0x20000d5d   Thumb Code   196  arch_patch.o(.text)
    SVC_Handler_c                            0x20000e21   Thumb Code    24  arch_patch.o(.text)
    patch_func                               0x20000e39   Thumb Code    44  arch_patch.o(.text)
    patch_atts_task                          0x20000f7b   Thumb Code    36  atts_task.obj(.text)
    dg_atts_read_cfm                         0x20000fb1   Thumb Code    82  atts_util.obj(.text)
    atts_read_resp_patch                     0x20001003   Thumb Code   102  atts_util.obj(.text)
    my_llc_con_update_req_ind                0x20001071   Thumb Code   100  ch_map.obj(.text)
    my_llc_ch_map_req_ind                    0x200010d5   Thumb Code    84  ch_map.obj(.text)
    patched_gapm_adv_op_sanity               0x20001135   Thumb Code   208  gapm_util.obj(.text)
    ke_task_init_func                        0x20001361   Thumb Code    20  ke_task.obj(.text)
    my_smpc_check_param                      0x20001385   Thumb Code   122  smpc.obj(.text)
    smpc_send_pairing_req_ind                0x200013ff   Thumb Code   190  smpc.obj(.text)
    smpc_check_pairing_feat                  0x200014bd   Thumb Code    26  smpc.obj(.text)
    smpc_pairing_cfm_handler                 0x200014e1   Thumb Code   528  smpc_task.obj(.text)
    my_llc_enc_rsp_pdu_send                  0x200016f5   Thumb Code   164  llc.obj(.text)
    my_llc_enc_req_ind                       0x20001799   Thumb Code   164  llc.obj(.text)
    my_llcp_con_up_req_handler               0x200018e7   Thumb Code    86  llc.obj(.text)
    my_llc_start_enc_rsp_ind                 0x200019f1   Thumb Code   158  llc.obj(.text)
    patch_llc_task                           0x20001b99   Thumb Code    36  llc.obj(.text)
    patch_gapc_task                          0x20001ceb   Thumb Code    38  gapc_task.obj(.text)
    patched_llc_con_update_ind               0x20001d29   Thumb Code   134  llc_con_update_ind.obj(.text)
    syscntl_use_lowest_amba_clocks           0x20001db9   Thumb Code    22  syscntl.o(.text)
    syscntl_use_highest_amba_clocks          0x20001dcf   Thumb Code    22  syscntl.o(.text)
    GPIO_init                                0x20001de5   Thumb Code   140  gpio.o(.text)
    GPIO_SetPinFunction                      0x20001e71   Thumb Code    66  gpio.o(.text)
    GPIO_SetInactive                         0x20001eb3   Thumb Code    60  gpio.o(.text)
    GPIO_SetActive                           0x20001eef   Thumb Code    60  gpio.o(.text)
    GPIO_ConfigurePin                        0x20001f2b   Thumb Code    80  gpio.o(.text)
    GPIO_ResetIRQ                            0x20001f7b   Thumb Code    32  gpio.o(.text)
    GPIOn_Handler                            0x20001f9b   Thumb Code    50  gpio.o(.text)
    GPIO0_Handler                            0x20001fcd   Thumb Code     4  gpio.o(.text)
    GPIO1_Handler                            0x20001fd1   Thumb Code     4  gpio.o(.text)
    GPIO2_Handler                            0x20001fd5   Thumb Code     4  gpio.o(.text)
    GPIO3_Handler                            0x20001fd9   Thumb Code     4  gpio.o(.text)
    GPIO4_Handler                            0x20001fdd   Thumb Code     4  gpio.o(.text)
    WKUP_QUADEC_Handler                      0x20002015   Thumb Code   106  wkupct_quadec.o(.text)
    adc_init                                 0x2000208d   Thumb Code    28  adc.o(.text)
    adc_enable_channel                       0x200020a9   Thumb Code    20  adc.o(.text)
    adc_get_sample                           0x200020bd   Thumb Code    30  adc.o(.text)
    adc_usDelay                              0x200020db   Thumb Code    30  adc.o(.text)
    adc_get_vbat_sample                      0x200020f9   Thumb Code    86  adc.o(.text)
    rfpt_init                                0x2000215d   Thumb Code    76  trng.o(.text)
    trng_init                                0x200021a9   Thumb Code    96  trng.o(.text)
    trng_get_raw_data                        0x20002209   Thumb Code    18  trng.o(.text)
    trng_acquire                             0x2000221b   Thumb Code   222  trng.o(.text)
    spi_cs_low                               0x20002319   Thumb Code    14  spi.o(.text)
    spi_cs_high                              0x20002327   Thumb Code    14  spi.o(.text)
    spi_init                                 0x20002335   Thumb Code   138  spi.o(.text)
    spi_set_bitmode                          0x200023bf   Thumb Code    34  spi.o(.text)
    spi_access                               0x200023e1   Thumb Code    46  spi.o(.text)
    UART2_Handler                            0x2000245f   Thumb Code    82  uart2.o(.text)
    iq_trim_from_otp                         0x200024f5   Thumb Code    54  rf_580.o(.text)
    rf_reg_rd                                0x2000252b   Thumb Code     4  rf_580.o(.text)
    rf_reg_wr                                0x2000252f   Thumb Code     2  rf_580.o(.text)
    rf_reset                                 0x20002531   Thumb Code     2  rf_580.o(.text)
    rf_force_agc_enable                      0x20002533   Thumb Code     2  rf_580.o(.text)
    rf_txpwr_dbm_get                         0x20002535   Thumb Code     4  rf_580.o(.text)
    rf_regs                                  0x20002549   Thumb Code   226  rf_580.o(.text)
    rf_init_func                             0x2000262f   Thumb Code   138  rf_580.o(.text)
    rf_reinit_func                           0x200026b9   Thumb Code   110  rf_580.o(.text)
    rf_nfm_enable                            0x20002727   Thumb Code    14  rf_580.o(.text)
    lld_sleep_compensate_func_patched        0x200027e5   Thumb Code    66  rwble.o(.text)
    skip_slave_latency_patch                 0x20002827   Thumb Code   302  rwble.o(.text)
    power_up                                 0x20002955   Thumb Code    76  rwble.o(.text)
    BLE_WAKEUP_LP_Handler                    0x200029a1   Thumb Code    98  rwble.o(.text)
    BLE_SLP_Handler                          0x20002a03   Thumb Code   106  rwble.o(.text)
    BLE_CSCNT_Handler                        0x20002a6d   Thumb Code    18  rwble.o(.text)
    BLE_FINETGTIM_Handler                    0x20002a7f   Thumb Code    18  rwble.o(.text)
    BLE_RX_Handler                           0x20002a91   Thumb Code    14  rwble.o(.text)
    BLE_EVENT_Handler                        0x20002a9f   Thumb Code    64  rwble.o(.text)
    BLE_RF_DIAG_Handler                      0x20002adf   Thumb Code    82  rwble.o(.text)
    rwip_sleep                               0x20002b85   Thumb Code   386  rwip.o(.text)
    attm_svc_create_db_128                   0x20002d2d   Thumb Code   274  attm_db_128.o(.text)
    prf_server_error_ind_send                0x20002e45   Thumb Code    44  prf_utils.o(.text)
    prf_server_send_event                    0x20002e71   Thumb Code    42  prf_utils.o(.text)
    prf_init_func                            0x20002e9b   Thumb Code    86  prf_utils.o(.text)
    prf_cleanup_func                         0x20002ef1   Thumb Code    44  prf_utils.o(.text)
    custs1_init                              0x20002f29   Thumb Code    28  custs1.o(.text)
    custs1_disable                           0x20002f45   Thumb Code    42  custs1.o(.text)
    check_client_char_cfg                    0x200032f9   Thumb Code    42  custom_common.o(.text)
    get_value_handle                         0x20003323   Thumb Code    62  custom_common.o(.text)
    get_cfg_handle                           0x20003361   Thumb Code    68  custom_common.o(.text)
    default_app_on_init                      0x200033a9   Thumb Code    14  app_default_handlers.o(.text)
    default_app_on_connection                0x200033b7   Thumb Code    30  app_default_handlers.o(.text)
    default_app_on_set_dev_config_complete   0x200033d5   Thumb Code    16  app_default_handlers.o(.text)
    default_app_on_db_init_complete          0x200033e5   Thumb Code     8  app_default_handlers.o(.text)
    app_prf_enable                           0x20003411   Thumb Code   136  app.o(.text)
    app_easy_gap_advertise_stop              0x200036eb   Thumb Code    26  app.o(.text)
    app_init                                 0x20003705   Thumb Code    56  app.o(.text)
    app_easy_gap_confirm                     0x2000373d   Thumb Code    36  app.o(.text)
    app_easy_gap_undirected_advertise_get_active 0x20003761   Thumb Code     2  app.o(.text)
    app_easy_gap_undirected_advertise_start  0x20003763   Thumb Code    26  app.o(.text)
    app_easy_gap_param_update_start          0x2000377d   Thumb Code    32  app.o(.text)
    app_db_init_start                        0x2000379d   Thumb Code    16  app.o(.text)
    app_db_init                              0x200037ad   Thumb Code     2  app.o(.text)
    app_easy_gap_dev_configure               0x200037af   Thumb Code    18  app.o(.text)
    get_user_prf_srv_perm                    0x200037c1   Thumb Code    60  app.o(.text)
    prf_init_srv_perm                        0x200037fd   Thumb Code    28  app.o(.text)
    app_gap_process_handler                  0x2000399d   Thumb Code    26  app_task.o(.text)
    app_entry_point_handler                  0x200039c5   Thumb Code    62  app_entry_point.o(.text)
    app_std_process_event                    0x20003a03   Thumb Code    64  app_entry_point.o(.text)
    app_check_BLE_active                     0x20003a4d   Thumb Code    38  app_msg_utils.o(.text)
    app_timer_api_process_handler            0x20003ab3   Thumb Code   172  app_easy_timer.o(.text)
    app_easy_timer                           0x20003b5f   Thumb Code    66  app_easy_timer.o(.text)
    app_easy_timer_cancel                    0x20003ba1   Thumb Code    68  app_easy_timer.o(.text)
    app_custs1_create_db                     0x20003c51   Thumb Code    64  app_customs.o(.text)
    app_custs1_enable                        0x20003c91   Thumb Code    36  app_customs.o(.text)
    app_custs1_process_handler               0x20003ce7   Thumb Code    24  app_customs_task.o(.text)
    timer0_init                              0x20003d05   Thumb Code    62  pwm.o(.text)
    timer0_enable_irq                        0x20003d43   Thumb Code    10  pwm.o(.text)
    SWTIM_Handler                            0x20003d4d   Thumb Code    12  pwm.o(.text)
    GPIO_reservations                        0x20003d69   Thumb Code   224  user_periph_setup.o(.text)
    periph_init                              0x20003e49   Thumb Code   176  user_periph_setup.o(.text)
    write_register                           0x20003f09   Thumb Code    38  spi_adxl.o(.text)
    adxl_init                                0x20003f2f   Thumb Code   118  spi_adxl.o(.text)
    read_register                            0x20003fa5   Thumb Code    46  spi_adxl.o(.text)
    read_accel                               0x20003fd3   Thumb Code     2  spi_adxl.o(.text)
    light_sensor_init                        0x20003fd5   Thumb Code    16  i2c_light_sensor.o(.text)
    get_lux_bytes                            0x20003fe5   Thumb Code    40  i2c_light_sensor.o(.text)
    i2c_sensor_init                          0x2000400d   Thumb Code    76  i2c_sensor.o(.text)
    i2c_wait_until_device_ready              0x20004059   Thumb Code    58  i2c_sensor.o(.text)
    i2c_sensor_read_byte                     0x200040d5   Thumb Code    86  i2c_sensor.o(.text)
    i2c_sensor_write_bytes                   0x2000412b   Thumb Code    92  i2c_sensor.o(.text)
    i2c_sensor_read_bytes                    0x20004187   Thumb Code   118  i2c_sensor.o(.text)
    temp_sensor_init                         0x20004209   Thumb Code    16  i2c_temp_sensor.o(.text)
    temp_sensor_config_onestop               0x20004219   Thumb Code    28  i2c_temp_sensor.o(.text)
    get_temp_bytes                           0x20004235   Thumb Code    42  i2c_temp_sensor.o(.text)
    get_ecg                                  0x20004261   Thumb Code    36  user_custs1_impl.o(.text)
    app_base_timer_handler_scheme4           0x20004285   Thumb Code   228  user_custs1_impl.o(.text)
    get_accel                                0x20004369   Thumb Code    32  user_custs1_impl.o(.text)
    app_base_timer_handler_scheme3           0x20004389   Thumb Code   156  user_custs1_impl.o(.text)
    get_vol                                  0x20004425   Thumb Code    34  user_custs1_impl.o(.text)
    app_base_timer_handler_scheme2           0x20004447   Thumb Code   422  user_custs1_impl.o(.text)
    app_base_timer_handler_scheme1           0x200045ed   Thumb Code   624  user_custs1_impl.o(.text)
    app_base_timer_handler_scheme0           0x2000485d   Thumb Code   388  user_custs1_impl.o(.text)
    app_param_update_func                    0x200049e1   Thumb Code    66  user_custs1_impl.o(.text)
    timer0_general_user_callback_function    0x20004a23   Thumb Code   120  user_custs1_impl.o(.text)
    timer0_setup                             0x20004a9b   Thumb Code    80  user_custs1_impl.o(.text)
    user_custs1_ctrl_wr_ind_handler          0x20004aeb   Thumb Code   164  user_custs1_impl.o(.text)
    app_base_val_timer_cb_handler            0x20004b8f   Thumb Code   304  user_custs1_impl.o(.text)
    app_base_val_timer_cb_handler_test       0x20004cbf   Thumb Code   144  user_custs1_impl.o(.text)
    app_base_timer_handler_empty             0x20004d4f   Thumb Code    44  user_custs1_impl.o(.text)
    user_app_init                            0x20004db1   Thumb Code    82  user_main.o(.text)
    user_app_adv_start                       0x20004e03   Thumb Code   128  user_main.o(.text)
    user_app_connection                      0x20004e83   Thumb Code    74  user_main.o(.text)
    user_app_adv_undirect_complete           0x20004ecd   Thumb Code     8  user_main.o(.text)
    user_app_disconnect                      0x20004ed5   Thumb Code    42  user_main.o(.text)
    user_catch_rest_hndl                     0x20004eff   Thumb Code    34  user_main.o(.text)
    __aeabi_ddiv                             0x20004f49   Thumb Code   234  ddiv.o(.text)
    __aeabi_d2uiz                            0x20005039   Thumb Code    50  dfixui.o(.text)
    __scatterload                            0x20005075   Thumb Code    28  init.o(.text)
    __scatterload_rt2                        0x20005075   Thumb Code     0  init.o(.text)
    Long Thumb to Thumb Veneer to memcmp     0x20005099   Thumb Code    12  anon$$obj.o(Veneer$$Code)
    Long Thumb to Thumb Veneer to __aeabi_memcpy 0x200050a5   Thumb Code    12  anon$$obj.o(Veneer$$Code)
    Long Thumb to Thumb Veneer to nvds_get_func 0x200050b1   Thumb Code    12  anon$$obj.o(Veneer$$Code)
    Long Thumb to Thumb Veneer to lld_sleep_check 0x200050bd   Thumb Code    12  anon$$obj.o(Veneer$$Code)
    Long Thumb to Thumb Veneer to rwip_prevent_sleep_get 0x200050c9   Thumb Code    12  anon$$obj.o(Veneer$$Code)
    Long Thumb to Thumb Veneer to ke_event_get 0x200050d5   Thumb Code    12  anon$$obj.o(Veneer$$Code)
    Long Thumb to Thumb Veneer to rwip_schedule 0x200050e1   Thumb Code    12  anon$$obj.o(Veneer$$Code)
    Long Thumb to Thumb Veneer to func_check_mem 0x200050ed   Thumb Code    12  anon$$obj.o(Veneer$$Code)
    Long Thumb to Thumb Veneer to test_rxdone 0x200050f9   Thumb Code    12  anon$$obj.o(Veneer$$Code)
    Long Thumb to Thumb Veneer to ke_mem_is_empty 0x20005105   Thumb Code    12  anon$$obj.o(Veneer$$Code)
    Long Thumb to Thumb Veneer to rwip_wakeup_delay_set 0x20005111   Thumb Code    12  anon$$obj.o(Veneer$$Code)
    Long Thumb to Thumb Veneer to $Super$$get_rc16m_count_func 0x2000511d   Thumb Code    12  anon$$obj.o(Veneer$$Code)
    Long Thumb to Thumb Veneer to get_rc16m_count 0x20005129   Thumb Code    12  anon$$obj.o(Veneer$$Code)
    Long Thumb to Thumb Veneer to pll_vcocal_LUT_InitUpdate 0x20005135   Thumb Code    12  anon$$obj.o(Veneer$$Code)
    Long Thumb to Thumb Veneer to rf_calibration 0x20005141   Thumb Code    12  anon$$obj.o(Veneer$$Code)
    Long Thumb to Thumb Veneer to lld_sleep_us_2_lpcycles_func 0x2000514d   Thumb Code    12  anon$$obj.o(Veneer$$Code)
    Long Thumb to Thumb Veneer to lld_sleep_lpcycles_2_us_func 0x20005159   Thumb Code    12  anon$$obj.o(Veneer$$Code)
    Long Thumb to Thumb Veneer to uart_flow_on 0x20005165   Thumb Code    12  anon$$obj.o(Veneer$$Code)
    Long Thumb to Thumb Veneer to srand      0x20005171   Thumb Code    12  anon$$obj.o(Veneer$$Code)
    Long Thumb to Thumb Veneer to set_system_clocks 0x2000517d   Thumb Code    12  anon$$obj.o(Veneer$$Code)
    Long Thumb to Thumb Veneer to nvds_init  0x20005189   Thumb Code    12  anon$$obj.o(Veneer$$Code)
    Long Thumb to Thumb Veneer to rwip_init  0x20005195   Thumb Code    12  anon$$obj.o(Veneer$$Code)
    Long Thumb to Thumb Veneer to enable_rf_diag_irq 0x200051a1   Thumb Code    12  anon$$obj.o(Veneer$$Code)
    Long Thumb to Thumb Veneer to platform_reset_func 0x200051ad   Thumb Code    12  anon$$obj.o(Veneer$$Code)
    Long Thumb to Thumb Veneer to ke_handler_search 0x200051b9   Thumb Code    12  anon$$obj.o(Veneer$$Code)
    Long Thumb to Thumb Veneer to ke_state_get 0x200051c5   Thumb Code    12  anon$$obj.o(Veneer$$Code)
    Long Thumb to Thumb Veneer to __ARM_common_switch8 0x200051d1   Thumb Code    12  anon$$obj.o(Veneer$$Code)
    Long Thumb to Thumb Veneer to TASK_LLM_lld_data_ind_handler 0x200051dd   Thumb Code    12  anon$$obj.o(Veneer$$Code)
    Long Thumb to Thumb Veneer to co_buf_rx_free 0x200051e9   Thumb Code    12  anon$$obj.o(Veneer$$Code)
    Long Thumb to Thumb Veneer to ke_malloc  0x200051f5   Thumb Code    12  anon$$obj.o(Veneer$$Code)
    Long Thumb to Thumb Veneer to __aeabi_memclr4 0x20005201   Thumb Code    12  anon$$obj.o(Veneer$$Code)
    Long Thumb to Thumb Veneer to ke_state_set 0x2000520d   Thumb Code    12  anon$$obj.o(Veneer$$Code)
    Long Thumb to Thumb Veneer to ke_msg_alloc 0x20005219   Thumb Code    12  anon$$obj.o(Veneer$$Code)
    Long Thumb to Thumb Veneer to ke_msg_send 0x20005225   Thumb Code    12  anon$$obj.o(Veneer$$Code)
    Long Thumb to Thumb Veneer to ke_timer_clear 0x20005231   Thumb Code    12  anon$$obj.o(Veneer$$Code)
    Long Thumb to Thumb Veneer to atts_send_cmd_cmp 0x2000523d   Thumb Code    12  anon$$obj.o(Veneer$$Code)
    Long Thumb to Thumb Veneer to atts_mtu_exc_resp 0x20005249   Thumb Code    12  anon$$obj.o(Veneer$$Code)
    Long Thumb to Thumb Veneer to atts_find_info_resp 0x20005255   Thumb Code    12  anon$$obj.o(Veneer$$Code)
    Long Thumb to Thumb Veneer to atts_find_by_type_resp 0x20005261   Thumb Code    12  anon$$obj.o(Veneer$$Code)
    Long Thumb to Thumb Veneer to atts_read_by_type_resp 0x2000526d   Thumb Code    12  anon$$obj.o(Veneer$$Code)
    Long Thumb to Thumb Veneer to atts_read_by_grp_type_resp 0x20005279   Thumb Code    12  anon$$obj.o(Veneer$$Code)
    Long Thumb to Thumb Veneer to atts_read_blob_resp 0x20005285   Thumb Code    12  anon$$obj.o(Veneer$$Code)
    Long Thumb to Thumb Veneer to atts_read_mult_resp 0x20005291   Thumb Code    12  anon$$obj.o(Veneer$$Code)
    Long Thumb to Thumb Veneer to atts_write_no_resp 0x2000529d   Thumb Code    12  anon$$obj.o(Veneer$$Code)
    Long Thumb to Thumb Veneer to atts_write_resp 0x200052a9   Thumb Code    12  anon$$obj.o(Veneer$$Code)
    Long Thumb to Thumb Veneer to atts_signed_write_resp 0x200052b5   Thumb Code    12  anon$$obj.o(Veneer$$Code)
    Long Thumb to Thumb Veneer to atts_prepare_write_resp 0x200052c1   Thumb Code    12  anon$$obj.o(Veneer$$Code)
    Long Thumb to Thumb Veneer to atts_execute_write_resp 0x200052cd   Thumb Code    12  anon$$obj.o(Veneer$$Code)
    Long Thumb to Thumb Veneer to attmdb_get_attribute 0x200052d9   Thumb Code    12  anon$$obj.o(Veneer$$Code)
    Long Thumb to Thumb Veneer to gattc_get_mtu 0x200052e5   Thumb Code    12  anon$$obj.o(Veneer$$Code)
    Long Thumb to Thumb Veneer to atts_allocate_pdu 0x200052f1   Thumb Code    12  anon$$obj.o(Veneer$$Code)
    Long Thumb to Thumb Veneer to atts_send_error 0x200052fd   Thumb Code    12  anon$$obj.o(Veneer$$Code)
    Long Thumb to Thumb Veneer to atts_send_pdu 0x20005309   Thumb Code    12  anon$$obj.o(Veneer$$Code)
    Long Thumb to Thumb Veneer to atts_get_att_chk_perm 0x20005315   Thumb Code    12  anon$$obj.o(Veneer$$Code)
    Long Thumb to Thumb Veneer to attmdb_get_service 0x20005321   Thumb Code    12  anon$$obj.o(Veneer$$Code)
    Long Thumb to Thumb Veneer to __aeabi_llsl 0x2000532d   Thumb Code    12  anon$$obj.o(Veneer$$Code)
    Long Thumb to Thumb Veneer to lld_con_update_ind 0x20005339   Thumb Code    12  anon$$obj.o(Veneer$$Code)
    Long Thumb to Thumb Veneer to __aeabi_uidivmod 0x20005345   Thumb Code    12  anon$$obj.o(Veneer$$Code)
    Long Thumb to Thumb Veneer to llc_util_dicon_procedure 0x20005351   Thumb Code    12  anon$$obj.o(Veneer$$Code)
    Long Thumb to Thumb Veneer to lld_ch_map_ind 0x2000535d   Thumb Code    12  anon$$obj.o(Veneer$$Code)
    Long Thumb to Thumb Veneer to gapm_get_privacy_flag 0x20005369   Thumb Code    12  anon$$obj.o(Veneer$$Code)
    Long Thumb to Thumb Veneer to gapm_set_recon_addr 0x20005375   Thumb Code    12  anon$$obj.o(Veneer$$Code)
    Long Thumb to Thumb Veneer to co_list_pop_front 0x20005381   Thumb Code    12  anon$$obj.o(Veneer$$Code)
    Long Thumb to Thumb Veneer to ke_task_handler_get 0x2000538d   Thumb Code    12  anon$$obj.o(Veneer$$Code)
    Long Thumb to Thumb Veneer to ke_msg_free 0x20005399   Thumb Code    12  anon$$obj.o(Veneer$$Code)
    Long Thumb to Thumb Veneer to co_list_push_back 0x200053a5   Thumb Code    12  anon$$obj.o(Veneer$$Code)
    Long Thumb to Thumb Veneer to ke_event_clear 0x200053b1   Thumb Code    12  anon$$obj.o(Veneer$$Code)
    Long Thumb to Thumb Veneer to ke_event_callback_set 0x200053bd   Thumb Code    12  anon$$obj.o(Veneer$$Code)
    Long Thumb to Thumb Veneer to gapc_get_enc_keysize 0x200053c9   Thumb Code    12  anon$$obj.o(Veneer$$Code)
    Long Thumb to Thumb Veneer to gapc_get_role 0x200053d5   Thumb Code    12  anon$$obj.o(Veneer$$Code)
    Long Thumb to Thumb Veneer to smpc_generate_rand 0x200053e1   Thumb Code    12  anon$$obj.o(Veneer$$Code)
    Long Thumb to Thumb Veneer to smpc_tkdp_send_continue 0x200053ed   Thumb Code    12  anon$$obj.o(Veneer$$Code)
    Long Thumb to Thumb Veneer to smpc_pdu_send 0x200053f9   Thumb Code    12  anon$$obj.o(Veneer$$Code)
    Long Thumb to Thumb Veneer to smpc_tkdp_rcp_start 0x20005405   Thumb Code    12  anon$$obj.o(Veneer$$Code)
    Long Thumb to Thumb Veneer to smpc_pairing_end 0x20005411   Thumb Code    12  anon$$obj.o(Veneer$$Code)
    Long Thumb to Thumb Veneer to smpc_check_max_key_size 0x2000541d   Thumb Code    12  anon$$obj.o(Veneer$$Code)
    Long Thumb to Thumb Veneer to smpc_check_key_distrib 0x20005429   Thumb Code    12  anon$$obj.o(Veneer$$Code)
    Long Thumb to Thumb Veneer to smpc_get_key_sec_prop 0x20005435   Thumb Code    12  anon$$obj.o(Veneer$$Code)
    Long Thumb to Thumb Veneer to smpc_is_sec_mode_reached 0x20005441   Thumb Code    12  anon$$obj.o(Veneer$$Code)
    Long Thumb to Thumb Veneer to rand       0x2000544d   Thumb Code    12  anon$$obj.o(Veneer$$Code)
    Long Thumb to Thumb Veneer to llc_pdu_send 0x20005459   Thumb Code    12  anon$$obj.o(Veneer$$Code)
    Long Thumb to Thumb Veneer to llm_util_check_evt_mask 0x20005465   Thumb Code    12  anon$$obj.o(Veneer$$Code)
    Long Thumb to Thumb Veneer to llc_ltk_req_send 0x20005471   Thumb Code    12  anon$$obj.o(Veneer$$Code)
    Long Thumb to Thumb Veneer to llc_terminate_ind_pdu_send 0x2000547d   Thumb Code    12  anon$$obj.o(Veneer$$Code)
    Long Thumb to Thumb Veneer to ke_timer_set 0x20005489   Thumb Code    12  anon$$obj.o(Veneer$$Code)
    Long Thumb to Thumb Veneer to llc_reject_ind_pdu_send 0x20005495   Thumb Code    12  anon$$obj.o(Veneer$$Code)
    Long Thumb to Thumb Veneer to llm_util_get_role 0x200054a1   Thumb Code    12  anon$$obj.o(Veneer$$Code)
    Long Thumb to Thumb Veneer to llc_le_con_update_cmd_handler 0x200054ad   Thumb Code    12  anon$$obj.o(Veneer$$Code)
    Long Thumb to Thumb Veneer to lld_evt_int_extract 0x200054b9   Thumb Code    12  anon$$obj.o(Veneer$$Code)
    Long Thumb to Thumb Veneer to ke_free    0x200054c5   Thumb Code    12  anon$$obj.o(Veneer$$Code)
    Long Thumb to Thumb Veneer to lld_stop_ind_handler 0x200054d1   Thumb Code    12  anon$$obj.o(Veneer$$Code)
    Long Thumb to Thumb Veneer to llc_start_enc_rsp_pdu_send 0x200054dd   Thumb Code    12  anon$$obj.o(Veneer$$Code)
    Long Thumb to Thumb Veneer to llc_common_enc_change_evt_send 0x200054e9   Thumb Code    12  anon$$obj.o(Veneer$$Code)
    Long Thumb to Thumb Veneer to llc_llcp_rsp_to_ind_handler 0x200054f5   Thumb Code    12  anon$$obj.o(Veneer$$Code)
    Long Thumb to Thumb Veneer to llc_link_sup_to_ind_handler 0x20005501   Thumb Code    12  anon$$obj.o(Veneer$$Code)
    Long Thumb to Thumb Veneer to gapc_send_error_evt 0x2000550d   Thumb Code    12  anon$$obj.o(Veneer$$Code)
    Long Thumb to Thumb Veneer to gapc_get_operation 0x20005519   Thumb Code    12  anon$$obj.o(Veneer$$Code)
    Long Thumb to Thumb Veneer to gapc_send_complete_evt 0x20005525   Thumb Code    12  anon$$obj.o(Veneer$$Code)
    Long Thumb to Thumb Veneer to gapc_send_disconect_ind 0x20005531   Thumb Code    12  anon$$obj.o(Veneer$$Code)
    Long Thumb to Thumb Veneer to gapm_con_cleanup 0x2000553d   Thumb Code    12  anon$$obj.o(Veneer$$Code)
    Long Thumb to Thumb Veneer to llc_con_update_cmd_complete_send 0x20005549   Thumb Code    12  anon$$obj.o(Veneer$$Code)
    Long Thumb to Thumb Veneer to IffCalibration 0x20005555   Thumb Code    12  anon$$obj.o(Veneer$$Code)
    Long Thumb to Thumb Veneer to DCoffsetCalibration 0x20005561   Thumb Code    12  anon$$obj.o(Veneer$$Code)
    Long Thumb to Thumb Veneer to ble_regs_pop 0x2000556d   Thumb Code    12  anon$$obj.o(Veneer$$Code)
    Long Thumb to Thumb Veneer to rwip_wakeup 0x20005579   Thumb Code    12  anon$$obj.o(Veneer$$Code)
    Long Thumb to Thumb Veneer to rf_workaround_init 0x20005585   Thumb Code    12  anon$$obj.o(Veneer$$Code)
    Long Thumb to Thumb Veneer to rf_reinit  0x20005591   Thumb Code    12  anon$$obj.o(Veneer$$Code)
    Long Thumb to Thumb Veneer to $Super$$BLE_CSCNT_Handler 0x2000559d   Thumb Code    12  anon$$obj.o(Veneer$$Code)
    Long Thumb to Thumb Veneer to lld_evt_rx_isr 0x200055a9   Thumb Code    12  anon$$obj.o(Veneer$$Code)
    Long Thumb to Thumb Veneer to lld_evt_end_isr 0x200055b5   Thumb Code    12  anon$$obj.o(Veneer$$Code)
    Long Thumb to Thumb Veneer to set_rf_cal_cap 0x200055c1   Thumb Code    12  anon$$obj.o(Veneer$$Code)
    Long Thumb to Thumb Veneer to set_gauss_modgain 0x200055cd   Thumb Code    12  anon$$obj.o(Veneer$$Code)
    Long Thumb to Thumb Veneer to lld_evt_start_isr 0x200055d9   Thumb Code    12  anon$$obj.o(Veneer$$Code)
    Long Thumb to Thumb Veneer to ke_sleep_check 0x200055e5   Thumb Code    12  anon$$obj.o(Veneer$$Code)
    Long Thumb to Thumb Veneer to ke_timer_sleep_check 0x200055f1   Thumb Code    12  anon$$obj.o(Veneer$$Code)
    Long Thumb to Thumb Veneer to lld_sleep_enter 0x200055fd   Thumb Code    12  anon$$obj.o(Veneer$$Code)
    Long Thumb to Thumb Veneer to ble_regs_push 0x20005609   Thumb Code    12  anon$$obj.o(Veneer$$Code)
    Long Thumb to Thumb Veneer to attmdb_add_service 0x20005615   Thumb Code    12  anon$$obj.o(Veneer$$Code)
    Long Thumb to Thumb Veneer to attmdb_add_attribute 0x20005621   Thumb Code    12  anon$$obj.o(Veneer$$Code)
    Long Thumb to Thumb Veneer to attmdb_att_set_value 0x2000562d   Thumb Code    12  anon$$obj.o(Veneer$$Code)
    Long Thumb to Thumb Veneer to attmdb_att_partial_value_update 0x20005639   Thumb Code    12  anon$$obj.o(Veneer$$Code)
    Long Thumb to Thumb Veneer to gapc_get_conhdl 0x20005645   Thumb Code    12  anon$$obj.o(Veneer$$Code)
    Long Thumb to Thumb Veneer to attmdb_att_set_permission 0x20005651   Thumb Code    12  anon$$obj.o(Veneer$$Code)
    Long Thumb to Thumb Veneer to __aeabi_memclr 0x2000565d   Thumb Code    12  anon$$obj.o(Veneer$$Code)
    Long Thumb to Thumb Veneer to ke_task_create 0x20005669   Thumb Code    12  anon$$obj.o(Veneer$$Code)
    Long Thumb to Thumb Veneer to attmdb_svc_set_permission 0x20005675   Thumb Code    12  anon$$obj.o(Veneer$$Code)
    Long Thumb to Thumb Veneer to gapc_get_conidx 0x20005681   Thumb Code    12  anon$$obj.o(Veneer$$Code)
    Long Thumb to Thumb Veneer to attmdb_att_get_uuid 0x2000568d   Thumb Code    12  anon$$obj.o(Veneer$$Code)
    Long Thumb to Thumb Veneer to attmdb_att_get_permission 0x20005699   Thumb Code    12  anon$$obj.o(Veneer$$Code)
    Long Thumb to Thumb Veneer to attmdb_att_update_value 0x200056a5   Thumb Code    12  anon$$obj.o(Veneer$$Code)
    Long Thumb to Thumb Veneer to attmdb_att_get_value 0x200056b1   Thumb Code    12  anon$$obj.o(Veneer$$Code)
    Long Thumb to Thumb Veneer to atts_write_rsp_send 0x200056bd   Thumb Code    12  anon$$obj.o(Veneer$$Code)
    Long Thumb to Thumb Veneer to nvds_get   0x200056c9   Thumb Code    12  anon$$obj.o(Veneer$$Code)
    Long Thumb to Thumb Veneer to __aeabi_ui2d 0x200056d5   Thumb Code    12  anon$$obj.o(Veneer$$Code)
    Long Thumb to Thumb Veneer to _double_round 0x200056e1   Thumb Code    12  anon$$obj.o(Veneer$$Code)
    Long Thumb to Thumb Veneer to __aeabi_llsr 0x200056ed   Thumb Code    12  anon$$obj.o(Veneer$$Code)
    __scatterload_copy                       0x200056f9   Thumb Code    14  handlers.o(i.__scatterload_copy)
    __scatterload_null                       0x20005707   Thumb Code     2  handlers.o(i.__scatterload_null)
    __scatterload_zeroinit                   0x20005709   Thumb Code    14  handlers.o(i.__scatterload_zeroinit)
    free                                     0x20005719   Thumb Code    80  malloc.o(i.free)
    malloc                                   0x2000576d   Thumb Code    92  malloc.o(i.malloc)
    set_tmr_div                              0x200057d9   Thumb Code    18  pwm.o(i.set_tmr_div)
    set_tmr_enable                           0x200057f1   Thumb Code    18  pwm.o(i.set_tmr_enable)
    timer0_register_callback                 0x20005809   Thumb Code     6  pwm.o(i.timer0_register_callback)
    timer0_set_pwm_high_counter              0x20005815   Thumb Code     6  pwm.o(i.timer0_set_pwm_high_counter)
    timer0_set_pwm_low_counter               0x20005821   Thumb Code     6  pwm.o(i.timer0_set_pwm_low_counter)
    timer0_set_pwm_on_counter                0x2000582d   Thumb Code     6  pwm.o(i.timer0_set_pwm_on_counter)
    timer0_start                             0x20005839   Thumb Code    12  pwm.o(i.timer0_start)
    timer0_stop                              0x20005849   Thumb Code    12  pwm.o(i.timer0_stop)
    LUT_CFG                                  0x20005858   Data          22  jump_table.o(.constdata)
    atts_read_resp_impl                      0x20005870   Data           4  arch_patch.o(.constdata)
    my_atts_default_handler                  0x20005954   Data           8  atts_task.obj(.constdata)
    TASK_DESC_ATTS                           0x2000595c   Data          16  atts_task.obj(.constdata)
    my_llc_state_handler                     0x200059c4   Data         176  llc.obj(.constdata)
    my_llc_default_handler                   0x20005a74   Data           8  llc.obj(.constdata)
    TASK_DESC_LLC                            0x20005a7c   Data          16  llc.obj(.constdata)
    custs1_disabled                          0x20005ad4   Data           8  custs1_task.o(.constdata)
    custs1_idle                              0x20005adc   Data           8  custs1_task.o(.constdata)
    custs1_connected                         0x20005ae4   Data          40  custs1_task.o(.constdata)
    custs1_default_state                     0x20005b0c   Data           8  custs1_task.o(.constdata)
    custs1_state_handler                     0x20005b14   Data          24  custs1_task.o(.constdata)
    custs1_default_handler                   0x20005b2c   Data           8  custs1_task.o(.constdata)
    prf_funcs                                0x20005b74   Data          12  app.o(.constdata)
    app_default_state                        0x20005bcc   Data           8  app_task.o(.constdata)
    app_default_handler                      0x20005bd4   Data           8  app_task.o(.constdata)
    app_process_handlers                     0x20005be0   Data          12  app_entry_point.o(.constdata)
    cust_prf_funcs                           0x20005bfc   Data          56  user_custs_config.o(.constdata)
    Region$$Table$$Base                      0x20005c44   Number         0  anon$$obj.o(Region$$Table)
    Region$$Table$$Limit                     0x20005c74   Number         0  anon$$obj.o(Region$$Table)
    startup_sleep_delay                      0x20005c74   Data           4  arch_system.o(.data)
    custs1_att_db                            0x20005cd8   Data         128  user_custs1_def.o(.data)
    scheme                                   0x20005d58   Data           1  user_custs1_impl.o(.data)
    times                                    0x20005d59   Data           1  user_custs1_impl.o(.data)
    BASE_INTV                                0x20005d5a   Data           2  user_custs1_impl.o(.data)
    data_buff                                0x20005d5c   Data          22  user_custs1_impl.o(.data)
    __microlib_freelist                      0x20005d74   Data           4  mvars.o(.data)
    __microlib_freelist_initialised          0x20005d78   Data           4  mvars.o(.data)
    spi_driver_cs_pad                        0x20008000   Data           2  spi.o(.bss)
    TIMER0_callback                          0x20008004   Data           4  pwm.o(.bss)
    app_connection_idx                       0x2000800a   Data           1  user_main.o(.bss)
    app_adv_data_update_timer_used           0x2000800b   Data           1  user_main.o(.bss)
    app_param_update_request_timer_used      0x2000800c   Data           1  user_main.o(.bss)
    dev_bdaddr                               0x2000800d   Data           6  nvds.o(retention_mem_area0)
    sys_startup_flag                         0x20008013   Data           1  arch_main.o(retention_mem_area0)
    sleep_md                                 0x20008014   Data           1  arch_sleep.o(retention_mem_area0)
    sleep_pend                               0x20008015   Data           1  arch_sleep.o(retention_mem_area0)
    sleep_cnt                                0x20008016   Data           1  arch_sleep.o(retention_mem_area0)
    sleep_ext_force                          0x20008017   Data           1  arch_sleep.o(retention_mem_area0)
    cal_enable                               0x20008018   Data           1  arch_system.o(retention_mem_area0)
    force_rf_cal                             0x20008019   Data           1  arch_system.o(retention_mem_area0)
    arch_wkupct_deb_time                     0x2000801a   Data           2  arch_system.o(retention_mem_area0)
    lp_clk_sel                               0x2000801c   Data           4  arch_system.o(retention_mem_area0)
    rcx_freq                                 0x20008020   Data           4  arch_system.o(retention_mem_area0)
    rcx_period                               0x20008024   Data           4  arch_system.o(retention_mem_area0)
    rcx_slot_duration_num                    0x20008028   Data           4  arch_system.o(retention_mem_area0)
    rcx_slot_duration_den                    0x2000802c   Data           4  arch_system.o(retention_mem_area0)
    dg_registered_tasks                      0x20008030   Data           8  atts_util.obj(retention_mem_area0)
    alt_evts                                 0x20008038   Data          24  llc.obj(retention_mem_area0)
    wkupct_quad_IRQ_status                   0x20008050   Data           1  wkupct_quadec.o(retention_mem_area0)
    arch_rwble_last_event                    0x2000807a   Data           1  rwble.o(retention_mem_area0)
    set_boost_low_vbat1v_overhead            0x2000807b   Data           1  rwble.o(retention_mem_area0)
    fine_hit                                 0x2000807d   Data           1  rwble.o(retention_mem_area0)
    clk_freq_trim_reg_value                  0x2000807e   Data           2  rwble.o(retention_mem_area0)
    wakeup_lp_comp                           0x20008080   Data           2  rwble.o(retention_mem_area0)
    sleep_lp_cycles                          0x20008084   Data           4  rwip.o(retention_mem_area0)
    slp_period_retained                      0x20008088   Data           4  rwip.o(retention_mem_area0)
    custs1_env                               0x2000808c   Data          14  custs1.o(retention_mem_area0)
    custs1_state                             0x2000809a   Data           1  custs1_task.o(retention_mem_area0)
    app_env                                  0x200080b4   Data          12  app.o(retention_mem_area0)
    app_prf_srv_perm                         0x200080c0   Data          20  app.o(retention_mem_area0)
    app_state                                0x200080d4   Data           1  app_task.o(retention_mem_area0)
    mnf_data                                 0x20008128   Data           6  user_main.o(retention_mem_area0)
    rwip_heap_non_ret                        0x20008bf4   Data        1036  jump_table.o(heap_mem_area_not_ret)
    SystemCoreClock                          0x20009000   Data           0  rom_symdef.txt ABSOLUTE
    error                                    0x20009004   Data           0  rom_symdef.txt ABSOLUTE
    GPIO_status                              0x20009020   Data           8  gpio.o(.bss)
    GPIO                                     0x20009028   Data         160  gpio.o(.bss)
    GPIOHandlerFunction                      0x200090c8   Data          20  gpio.o(.bss)
    running                                  0x200090dd   Data           1  user_custs1_impl.o(.bss)
    ecgLSB16                                 0x200090de   Data           2  user_custs1_impl.o(.bss)
    timer_base                               0x200090e0   Data           2  user_custs1_impl.o(.bss)
    ecgLSB32                                 0x200090e4   Data           4  user_custs1_impl.o(.bss)
    __heap_base                              0x200090e8   Data           0  boot_vectors.o(HEAP)
    __heap_limit                             0x200091e8   Data           0  boot_vectors.o(HEAP)
    __initial_sp                             0x20009800   Data           0  boot_vectors.o(STACK)
    clk_per_reg                              0x50000004   Data           4  pwm.o(.ARM.__AT_0x50000004)
    timer0_ctrl_reg                          0x50003400   Data           4  pwm.o(.ARM.__AT_0x50003400)
    triple_pwm_ctrl_reg                      0x50003410   Data           4  pwm.o(.ARM.__AT_0x50003410)



==============================================================================

Memory Map of the image

  Image Entry point : 0x20000441

  Load Region LR_IROM1 (Base: 0x20000000, Size: 0x000000a0, Max: 0x00000160, ABSOLUTE)

    Execution Region ER_IROM1 (Exec base: 0x20000000, Load base: 0x20000000, Size: 0x000000a0, Max: 0x00000160, ABSOLUTE)

    Exec Addr    Load Addr    Size         Type   Attr      Idx    E Section Name        Object

    0x20000000   0x20000000   0x000000a0   Data   RO          201    RESET               boot_vectors.o



  Load Region LR_IROM2 (Base: 0x20000160, Size: 0x00000160, Max: 0x00000160, ABSOLUTE)

    Execution Region ER_IROM2 (Exec base: 0x20000160, Load base: 0x20000160, Size: 0x00000160, Max: 0x00000160, ABSOLUTE)

    Exec Addr    Load Addr    Size         Type   Attr      Idx    E Section Name        Object

    0x20000160   0x20000160   0x00000160   Data   RO          460    jump_table_mem_area  jump_table.o



  Load Region LR_IROM3 (Base: 0x200002c0, Size: 0x00000064, Max: 0x00000080, ABSOLUTE)

    Execution Region ER_IROM3 (Exec base: 0x200002c0, Load base: 0x200002c0, Size: 0x00000064, Max: 0x00000080, ABSOLUTE)

    Exec Addr    Load Addr    Size         Type   Attr      Idx    E Section Name        Object

    0x200002c0   0x200002c0   0x00000064   Data   RO         1538    timeout_table_area  gapm.o



  Load Region LR_IROM4 (Base: 0x20000340, Size: 0x000000a4, Max: 0x00000100, ABSOLUTE)

    Execution Region ER_IROM4 (Exec base: 0x20000340, Load base: 0x20000340, Size: 0x000000a4, Max: 0x00000100, ABSOLUTE)

    Exec Addr    Load Addr    Size         Type   Attr      Idx    E Section Name        Object

    0x20000340   0x20000340   0x000000a4   Data   RO          263    nvds_data_storage_area  nvds.o



  Load Region LR_IROM5 (Base: 0x20000440, Size: 0x0000593c, Max: 0x000093c0, ABSOLUTE)

    Execution Region ER_IROM5 (Exec base: 0x20000440, Load base: 0x20000440, Size: 0x0000593c, Max: 0x00007ac0, ABSOLUTE)

    Exec Addr    Load Addr    Size         Type   Attr      Idx    E Section Name        Object

    0x20000440   0x20000440   0x00000000   Code   RO         2763  * .ARM.Collect$$$$00000000  mc_p.l(entry.o)
    0x20000440   0x20000440   0x00000004   Code   RO         2796    .ARM.Collect$$$$00000001  mc_p.l(entry2.o)
    0x20000444   0x20000444   0x00000004   Code   RO         2799    .ARM.Collect$$$$00000004  mc_p.l(entry5.o)
    0x20000448   0x20000448   0x00000000   Code   RO         2801    .ARM.Collect$$$$00000008  mc_p.l(entry7b.o)
    0x20000448   0x20000448   0x00000000   Code   RO         2803    .ARM.Collect$$$$0000000A  mc_p.l(entry8b.o)
    0x20000448   0x20000448   0x00000008   Code   RO         2804    .ARM.Collect$$$$0000000B  mc_p.l(entry9a.o)
    0x20000450   0x20000450   0x00000000   Code   RO         2806    .ARM.Collect$$$$0000000D  mc_p.l(entry10a.o)
    0x20000450   0x20000450   0x00000000   Code   RO         2808    .ARM.Collect$$$$0000000F  mc_p.l(entry11a.o)
    0x20000450   0x20000450   0x00000004   Code   RO         2797    .ARM.Collect$$$$00002712  mc_p.l(entry2.o)
    0x20000454   0x20000454   0x00000050   Code   RO            2    .text               system_armcm0.o
    0x200004a4   0x200004a4   0x0000006c   Code   RO          202    .text               boot_vectors.o
    0x20000510   0x20000510   0x00000068   Code   RO          207    .text               hardfault_handler.o
    0x20000578   0x20000578   0x0000009c   Code   RO          232    .text               nmi_handler.o
    0x20000614   0x20000614   0x000000b8   Code   RO          262    .text               nvds.o
    0x200006cc   0x200006cc   0x000001d8   Code   RO          282    .text               arch_main.o
    0x200008a4   0x200008a4   0x00000002   Code   RO          454    .text               jump_table.o
    0x200008a6   0x200008a6   0x00000002   PAD
    0x200008a8   0x200008a8   0x000000ac   Code   RO          553    .text               arch_sleep.o
    0x20000954   0x20000954   0x0000032c   Code   RO          610    .text               arch_system.o
    0x20000c80   0x20000c80   0x00000210   Code   RO          740    .text               arch_patch.o
    0x20000e90   0x20000e90   0x00000120   Code   RO          801    .text               atts_task.obj
    0x20000fb0   0x20000fb0   0x000000c0   Code   RO          809    .text               atts_util.obj
    0x20001070   0x20001070   0x000000c4   Code   RO          814    .text               ch_map.obj
    0x20001134   0x20001134   0x00000180   Code   RO          816    .text               gapm_util.obj
    0x200012b4   0x200012b4   0x000000d0   Code   RO          818    .text               ke_task.obj
    0x20001384   0x20001384   0x0000015c   Code   RO          820    .text               smpc.obj
    0x200014e0   0x200014e0   0x00000214   Code   RO          822    .text               smpc_task.obj
    0x200016f4   0x200016f4   0x000004d4   Code   RO          824    .text               llc.obj
    0x20001bc8   0x20001bc8   0x00000160   Code   RO          835    .text               gapc_task.obj
    0x20001d28   0x20001d28   0x00000090   Code   RO          840    .text               llc_con_update_ind.obj
    0x20001db8   0x20001db8   0x0000002c   Code   RO          843    .text               syscntl.o
    0x20001de4   0x20001de4   0x00000230   Code   RO          860    .text               gpio.o
    0x20002014   0x20002014   0x00000078   Code   RO          920    .text               wkupct_quadec.o
    0x2000208c   0x2000208c   0x000000d0   Code   RO         1064    .text               adc.o
    0x2000215c   0x2000215c   0x000001bc   Code   RO         1088    .text               trng.o
    0x20002318   0x20002318   0x00000100   Code   RO         1254    .text               spi.o
    0x20002418   0x20002418   0x000000dc   Code   RO         1288    .text               uart2.o
    0x200024f4   0x200024f4   0x000002f0   Code   RO         1344    .text               rf_580.o
    0x200027e4   0x200027e4   0x000003a0   Code   RO         1384    .text               rwble.o
    0x20002b84   0x20002b84   0x000001a8   Code   RO         1508    .text               rwip.o
    0x20002d2c   0x20002d2c   0x00000118   Code   RO         1572    .text               attm_db_128.o
    0x20002e44   0x20002e44   0x000000e4   Code   RO         1606    .text               prf_utils.o
    0x20002f28   0x20002f28   0x00000054   Code   RO         1642    .text               custs1.o
    0x20002f7c   0x20002f7c   0x0000037c   Code   RO         1661    .text               custs1_task.o
    0x200032f8   0x200032f8   0x000000b0   Code   RO         1687    .text               custom_common.o
    0x200033a8   0x200033a8   0x00000048   Code   RO         1700    .text               app_default_handlers.o
    0x200033f0   0x200033f0   0x00000450   Code   RO         1773    .text               app.o
    0x20003840   0x20003840   0x00000184   Code   RO         1938    .text               app_task.o
    0x200039c4   0x200039c4   0x00000088   Code   RO         2083    .text               app_entry_point.o
    0x20003a4c   0x20003a4c   0x00000026   Code   RO         2110    .text               app_msg_utils.o
    0x20003a72   0x20003a72   0x00000002   Code   RO         2328    .text               app_easy_timer.o
    0x20003a74   0x20003a74   0x00000002   Code   RO         2329    .text               app_easy_timer.o
    0x20003a76   0x20003a76   0x00000002   PAD
    0x20003a78   0x20003a78   0x000001d8   Code   RO         2330    .text               app_easy_timer.o
    0x20003c50   0x20003c50   0x0000006c   Code   RO         2365    .text               app_customs.o
    0x20003cbc   0x20003cbc   0x00000048   Code   RO         2385    .text               app_customs_task.o
    0x20003d04   0x20003d04   0x00000064   Code   RO         2411    .text               pwm.o
    0x20003d68   0x20003d68   0x000001a0   Code   RO         2597    .text               user_periph_setup.o
    0x20003f08   0x20003f08   0x000000cc   Code   RO         2615    .text               spi_adxl.o
    0x20003fd4   0x20003fd4   0x00000038   Code   RO         2667    .text               i2c_light_sensor.o
    0x2000400c   0x2000400c   0x000001fc   Code   RO         2685    .text               i2c_sensor.o
    0x20004208   0x20004208   0x00000056   Code   RO         2711    .text               i2c_temp_sensor.o
    0x2000425e   0x2000425e   0x00000002   PAD
    0x20004260   0x20004260   0x00000b38   Code   RO         2726    .text               user_custs1_impl.o
    0x20004d98   0x20004d98   0x000001b0   Code   RO         2743    .text               user_main.o
    0x20004f48   0x20004f48   0x000000f0   Code   RO         2792    .text               mf_p.l(ddiv.o)
    0x20005038   0x20005038   0x0000003c   Code   RO         2794    .text               mf_p.l(dfixui.o)
    0x20005074   0x20005074   0x00000024   Code   RO         2812    .text               mc_p.l(init.o)
    0x20005098   0x20005098   0x0000000c   Ven    RO         2822    Veneer$$Code        anon$$obj.o
    0x200050a4   0x200050a4   0x0000000c   Ven    RO         2823    Veneer$$Code        anon$$obj.o
    0x200050b0   0x200050b0   0x0000000c   Ven    RO         2824    Veneer$$Code        anon$$obj.o
    0x200050bc   0x200050bc   0x0000000c   Ven    RO         2825    Veneer$$Code        anon$$obj.o
    0x200050c8   0x200050c8   0x0000000c   Ven    RO         2826    Veneer$$Code        anon$$obj.o
    0x200050d4   0x200050d4   0x0000000c   Ven    RO         2827    Veneer$$Code        anon$$obj.o
    0x200050e0   0x200050e0   0x0000000c   Ven    RO         2828    Veneer$$Code        anon$$obj.o
    0x200050ec   0x200050ec   0x0000000c   Ven    RO         2829    Veneer$$Code        anon$$obj.o
    0x200050f8   0x200050f8   0x0000000c   Ven    RO         2830    Veneer$$Code        anon$$obj.o
    0x20005104   0x20005104   0x0000000c   Ven    RO         2831    Veneer$$Code        anon$$obj.o
    0x20005110   0x20005110   0x0000000c   Ven    RO         2832    Veneer$$Code        anon$$obj.o
    0x2000511c   0x2000511c   0x0000000c   Ven    RO         2833    Veneer$$Code        anon$$obj.o
    0x20005128   0x20005128   0x0000000c   Ven    RO         2834    Veneer$$Code        anon$$obj.o
    0x20005134   0x20005134   0x0000000c   Ven    RO         2835    Veneer$$Code        anon$$obj.o
    0x20005140   0x20005140   0x0000000c   Ven    RO         2836    Veneer$$Code        anon$$obj.o
    0x2000514c   0x2000514c   0x0000000c   Ven    RO         2837    Veneer$$Code        anon$$obj.o
    0x20005158   0x20005158   0x0000000c   Ven    RO         2838    Veneer$$Code        anon$$obj.o
    0x20005164   0x20005164   0x0000000c   Ven    RO         2839    Veneer$$Code        anon$$obj.o
    0x20005170   0x20005170   0x0000000c   Ven    RO         2840    Veneer$$Code        anon$$obj.o
    0x2000517c   0x2000517c   0x0000000c   Ven    RO         2841    Veneer$$Code        anon$$obj.o
    0x20005188   0x20005188   0x0000000c   Ven    RO         2842    Veneer$$Code        anon$$obj.o
    0x20005194   0x20005194   0x0000000c   Ven    RO         2843    Veneer$$Code        anon$$obj.o
    0x200051a0   0x200051a0   0x0000000c   Ven    RO         2844    Veneer$$Code        anon$$obj.o
    0x200051ac   0x200051ac   0x0000000c   Ven    RO         2845    Veneer$$Code        anon$$obj.o
    0x200051b8   0x200051b8   0x0000000c   Ven    RO         2846    Veneer$$Code        anon$$obj.o
    0x200051c4   0x200051c4   0x0000000c   Ven    RO         2847    Veneer$$Code        anon$$obj.o
    0x200051d0   0x200051d0   0x0000000c   Ven    RO         2848    Veneer$$Code        anon$$obj.o
    0x200051dc   0x200051dc   0x0000000c   Ven    RO         2849    Veneer$$Code        anon$$obj.o
    0x200051e8   0x200051e8   0x0000000c   Ven    RO         2850    Veneer$$Code        anon$$obj.o
    0x200051f4   0x200051f4   0x0000000c   Ven    RO         2851    Veneer$$Code        anon$$obj.o
    0x20005200   0x20005200   0x0000000c   Ven    RO         2852    Veneer$$Code        anon$$obj.o
    0x2000520c   0x2000520c   0x0000000c   Ven    RO         2853    Veneer$$Code        anon$$obj.o
    0x20005218   0x20005218   0x0000000c   Ven    RO         2854    Veneer$$Code        anon$$obj.o
    0x20005224   0x20005224   0x0000000c   Ven    RO         2855    Veneer$$Code        anon$$obj.o
    0x20005230   0x20005230   0x0000000c   Ven    RO         2856    Veneer$$Code        anon$$obj.o
    0x2000523c   0x2000523c   0x0000000c   Ven    RO         2857    Veneer$$Code        anon$$obj.o
    0x20005248   0x20005248   0x0000000c   Ven    RO         2858    Veneer$$Code        anon$$obj.o
    0x20005254   0x20005254   0x0000000c   Ven    RO         2859    Veneer$$Code        anon$$obj.o
    0x20005260   0x20005260   0x0000000c   Ven    RO         2860    Veneer$$Code        anon$$obj.o
    0x2000526c   0x2000526c   0x0000000c   Ven    RO         2861    Veneer$$Code        anon$$obj.o
    0x20005278   0x20005278   0x0000000c   Ven    RO         2862    Veneer$$Code        anon$$obj.o
    0x20005284   0x20005284   0x0000000c   Ven    RO         2863    Veneer$$Code        anon$$obj.o
    0x20005290   0x20005290   0x0000000c   Ven    RO         2864    Veneer$$Code        anon$$obj.o
    0x2000529c   0x2000529c   0x0000000c   Ven    RO         2865    Veneer$$Code        anon$$obj.o
    0x200052a8   0x200052a8   0x0000000c   Ven    RO         2866    Veneer$$Code        anon$$obj.o
    0x200052b4   0x200052b4   0x0000000c   Ven    RO         2867    Veneer$$Code        anon$$obj.o
    0x200052c0   0x200052c0   0x0000000c   Ven    RO         2868    Veneer$$Code        anon$$obj.o
    0x200052cc   0x200052cc   0x0000000c   Ven    RO         2869    Veneer$$Code        anon$$obj.o
    0x200052d8   0x200052d8   0x0000000c   Ven    RO         2870    Veneer$$Code        anon$$obj.o
    0x200052e4   0x200052e4   0x0000000c   Ven    RO         2871    Veneer$$Code        anon$$obj.o
    0x200052f0   0x200052f0   0x0000000c   Ven    RO         2872    Veneer$$Code        anon$$obj.o
    0x200052fc   0x200052fc   0x0000000c   Ven    RO         2873    Veneer$$Code        anon$$obj.o
    0x20005308   0x20005308   0x0000000c   Ven    RO         2874    Veneer$$Code        anon$$obj.o
    0x20005314   0x20005314   0x0000000c   Ven    RO         2875    Veneer$$Code        anon$$obj.o
    0x20005320   0x20005320   0x0000000c   Ven    RO         2876    Veneer$$Code        anon$$obj.o
    0x2000532c   0x2000532c   0x0000000c   Ven    RO         2877    Veneer$$Code        anon$$obj.o
    0x20005338   0x20005338   0x0000000c   Ven    RO         2878    Veneer$$Code        anon$$obj.o
    0x20005344   0x20005344   0x0000000c   Ven    RO         2879    Veneer$$Code        anon$$obj.o
    0x20005350   0x20005350   0x0000000c   Ven    RO         2880    Veneer$$Code        anon$$obj.o
    0x2000535c   0x2000535c   0x0000000c   Ven    RO         2881    Veneer$$Code        anon$$obj.o
    0x20005368   0x20005368   0x0000000c   Ven    RO         2882    Veneer$$Code        anon$$obj.o
    0x20005374   0x20005374   0x0000000c   Ven    RO         2883    Veneer$$Code        anon$$obj.o
    0x20005380   0x20005380   0x0000000c   Ven    RO         2884    Veneer$$Code        anon$$obj.o
    0x2000538c   0x2000538c   0x0000000c   Ven    RO         2885    Veneer$$Code        anon$$obj.o
    0x20005398   0x20005398   0x0000000c   Ven    RO         2886    Veneer$$Code        anon$$obj.o
    0x200053a4   0x200053a4   0x0000000c   Ven    RO         2887    Veneer$$Code        anon$$obj.o
    0x200053b0   0x200053b0   0x0000000c   Ven    RO         2888    Veneer$$Code        anon$$obj.o
    0x200053bc   0x200053bc   0x0000000c   Ven    RO         2889    Veneer$$Code        anon$$obj.o
    0x200053c8   0x200053c8   0x0000000c   Ven    RO         2890    Veneer$$Code        anon$$obj.o
    0x200053d4   0x200053d4   0x0000000c   Ven    RO         2891    Veneer$$Code        anon$$obj.o
    0x200053e0   0x200053e0   0x0000000c   Ven    RO         2892    Veneer$$Code        anon$$obj.o
    0x200053ec   0x200053ec   0x0000000c   Ven    RO         2893    Veneer$$Code        anon$$obj.o
    0x200053f8   0x200053f8   0x0000000c   Ven    RO         2894    Veneer$$Code        anon$$obj.o
    0x20005404   0x20005404   0x0000000c   Ven    RO         2895    Veneer$$Code        anon$$obj.o
    0x20005410   0x20005410   0x0000000c   Ven    RO         2896    Veneer$$Code        anon$$obj.o
    0x2000541c   0x2000541c   0x0000000c   Ven    RO         2897    Veneer$$Code        anon$$obj.o
    0x20005428   0x20005428   0x0000000c   Ven    RO         2898    Veneer$$Code        anon$$obj.o
    0x20005434   0x20005434   0x0000000c   Ven    RO         2899    Veneer$$Code        anon$$obj.o
    0x20005440   0x20005440   0x0000000c   Ven    RO         2900    Veneer$$Code        anon$$obj.o
    0x2000544c   0x2000544c   0x0000000c   Ven    RO         2901    Veneer$$Code        anon$$obj.o
    0x20005458   0x20005458   0x0000000c   Ven    RO         2902    Veneer$$Code        anon$$obj.o
    0x20005464   0x20005464   0x0000000c   Ven    RO         2903    Veneer$$Code        anon$$obj.o
    0x20005470   0x20005470   0x0000000c   Ven    RO         2904    Veneer$$Code        anon$$obj.o
    0x2000547c   0x2000547c   0x0000000c   Ven    RO         2905    Veneer$$Code        anon$$obj.o
    0x20005488   0x20005488   0x0000000c   Ven    RO         2906    Veneer$$Code        anon$$obj.o
    0x20005494   0x20005494   0x0000000c   Ven    RO         2907    Veneer$$Code        anon$$obj.o
    0x200054a0   0x200054a0   0x0000000c   Ven    RO         2908    Veneer$$Code        anon$$obj.o
    0x200054ac   0x200054ac   0x0000000c   Ven    RO         2909    Veneer$$Code        anon$$obj.o
    0x200054b8   0x200054b8   0x0000000c   Ven    RO         2910    Veneer$$Code        anon$$obj.o
    0x200054c4   0x200054c4   0x0000000c   Ven    RO         2911    Veneer$$Code        anon$$obj.o
    0x200054d0   0x200054d0   0x0000000c   Ven    RO         2912    Veneer$$Code        anon$$obj.o
    0x200054dc   0x200054dc   0x0000000c   Ven    RO         2913    Veneer$$Code        anon$$obj.o
    0x200054e8   0x200054e8   0x0000000c   Ven    RO         2914    Veneer$$Code        anon$$obj.o
    0x200054f4   0x200054f4   0x0000000c   Ven    RO         2915    Veneer$$Code        anon$$obj.o
    0x20005500   0x20005500   0x0000000c   Ven    RO         2916    Veneer$$Code        anon$$obj.o
    0x2000550c   0x2000550c   0x0000000c   Ven    RO         2917    Veneer$$Code        anon$$obj.o
    0x20005518   0x20005518   0x0000000c   Ven    RO         2918    Veneer$$Code        anon$$obj.o
    0x20005524   0x20005524   0x0000000c   Ven    RO         2919    Veneer$$Code        anon$$obj.o
    0x20005530   0x20005530   0x0000000c   Ven    RO         2920    Veneer$$Code        anon$$obj.o
    0x2000553c   0x2000553c   0x0000000c   Ven    RO         2921    Veneer$$Code        anon$$obj.o
    0x20005548   0x20005548   0x0000000c   Ven    RO         2922    Veneer$$Code        anon$$obj.o
    0x20005554   0x20005554   0x0000000c   Ven    RO         2923    Veneer$$Code        anon$$obj.o
    0x20005560   0x20005560   0x0000000c   Ven    RO         2924    Veneer$$Code        anon$$obj.o
    0x2000556c   0x2000556c   0x0000000c   Ven    RO         2925    Veneer$$Code        anon$$obj.o
    0x20005578   0x20005578   0x0000000c   Ven    RO         2926    Veneer$$Code        anon$$obj.o
    0x20005584   0x20005584   0x0000000c   Ven    RO         2927    Veneer$$Code        anon$$obj.o
    0x20005590   0x20005590   0x0000000c   Ven    RO         2928    Veneer$$Code        anon$$obj.o
    0x2000559c   0x2000559c   0x0000000c   Ven    RO         2929    Veneer$$Code        anon$$obj.o
    0x200055a8   0x200055a8   0x0000000c   Ven    RO         2930    Veneer$$Code        anon$$obj.o
    0x200055b4   0x200055b4   0x0000000c   Ven    RO         2931    Veneer$$Code        anon$$obj.o
    0x200055c0   0x200055c0   0x0000000c   Ven    RO         2932    Veneer$$Code        anon$$obj.o
    0x200055cc   0x200055cc   0x0000000c   Ven    RO         2933    Veneer$$Code        anon$$obj.o
    0x200055d8   0x200055d8   0x0000000c   Ven    RO         2934    Veneer$$Code        anon$$obj.o
    0x200055e4   0x200055e4   0x0000000c   Ven    RO         2935    Veneer$$Code        anon$$obj.o
    0x200055f0   0x200055f0   0x0000000c   Ven    RO         2936    Veneer$$Code        anon$$obj.o
    0x200055fc   0x200055fc   0x0000000c   Ven    RO         2937    Veneer$$Code        anon$$obj.o
    0x20005608   0x20005608   0x0000000c   Ven    RO         2938    Veneer$$Code        anon$$obj.o
    0x20005614   0x20005614   0x0000000c   Ven    RO         2939    Veneer$$Code        anon$$obj.o
    0x20005620   0x20005620   0x0000000c   Ven    RO         2940    Veneer$$Code        anon$$obj.o
    0x2000562c   0x2000562c   0x0000000c   Ven    RO         2941    Veneer$$Code        anon$$obj.o
    0x20005638   0x20005638   0x0000000c   Ven    RO         2942    Veneer$$Code        anon$$obj.o
    0x20005644   0x20005644   0x0000000c   Ven    RO         2943    Veneer$$Code        anon$$obj.o
    0x20005650   0x20005650   0x0000000c   Ven    RO         2944    Veneer$$Code        anon$$obj.o
    0x2000565c   0x2000565c   0x0000000c   Ven    RO         2945    Veneer$$Code        anon$$obj.o
    0x20005668   0x20005668   0x0000000c   Ven    RO         2946    Veneer$$Code        anon$$obj.o
    0x20005674   0x20005674   0x0000000c   Ven    RO         2947    Veneer$$Code        anon$$obj.o
    0x20005680   0x20005680   0x0000000c   Ven    RO         2948    Veneer$$Code        anon$$obj.o
    0x2000568c   0x2000568c   0x0000000c   Ven    RO         2949    Veneer$$Code        anon$$obj.o
    0x20005698   0x20005698   0x0000000c   Ven    RO         2950    Veneer$$Code        anon$$obj.o
    0x200056a4   0x200056a4   0x0000000c   Ven    RO         2951    Veneer$$Code        anon$$obj.o
    0x200056b0   0x200056b0   0x0000000c   Ven    RO         2952    Veneer$$Code        anon$$obj.o
    0x200056bc   0x200056bc   0x0000000c   Ven    RO         2953    Veneer$$Code        anon$$obj.o
    0x200056c8   0x200056c8   0x0000000c   Ven    RO         2954    Veneer$$Code        anon$$obj.o
    0x200056d4   0x200056d4   0x0000000c   Ven    RO         2955    Veneer$$Code        anon$$obj.o
    0x200056e0   0x200056e0   0x0000000c   Ven    RO         2956    Veneer$$Code        anon$$obj.o
    0x200056ec   0x200056ec   0x0000000c   Ven    RO         2957    Veneer$$Code        anon$$obj.o
    0x200056f8   0x200056f8   0x0000000e   Code   RO         2816    i.__scatterload_copy  mc_p.l(handlers.o)
    0x20005706   0x20005706   0x00000002   Code   RO         2817    i.__scatterload_null  mc_p.l(handlers.o)
    0x20005708   0x20005708   0x0000000e   Code   RO         2818    i.__scatterload_zeroinit  mc_p.l(handlers.o)
    0x20005716   0x20005716   0x00000002   PAD
    0x20005718   0x20005718   0x00000054   Code   RO         2764    i.free              mc_p.l(malloc.o)
    0x2000576c   0x2000576c   0x0000006c   Code   RO         2765    i.malloc            mc_p.l(malloc.o)
    0x200057d8   0x200057d8   0x00000018   Code   RO         2450    i.set_tmr_div       pwm.o
    0x200057f0   0x200057f0   0x00000018   Code   RO         2444    i.set_tmr_enable    pwm.o
    0x20005808   0x20005808   0x0000000c   Code   RO         2491    i.timer0_register_callback  pwm.o
    0x20005814   0x20005814   0x0000000c   Code   RO         2479    i.timer0_set_pwm_high_counter  pwm.o
    0x20005820   0x20005820   0x0000000c   Code   RO         2485    i.timer0_set_pwm_low_counter  pwm.o
    0x2000582c   0x2000582c   0x0000000c   Code   RO         2473    i.timer0_set_pwm_on_counter  pwm.o
    0x20005838   0x20005838   0x00000010   Code   RO         2456    i.timer0_start      pwm.o
    0x20005848   0x20005848   0x00000010   Code   RO         2462    i.timer0_stop       pwm.o
    0x20005858   0x20005858   0x00000016   Data   RO          455    .constdata          jump_table.o
    0x2000586e   0x2000586e   0x00000002   PAD
    0x20005870   0x20005870   0x00000004   Data   RO          741    .constdata          arch_patch.o
    0x20005874   0x20005874   0x00000010   Data   RO          742    .constdata          arch_patch.o
    0x20005884   0x20005884   0x00000008   Data   RO          743    .constdata          arch_patch.o
    0x2000588c   0x2000588c   0x00000070   Data   RO          744    .constdata          arch_patch.o
    0x200058fc   0x200058fc   0x00000030   Data   RO          802    .constdata          atts_task.obj
    0x2000592c   0x2000592c   0x00000028   Data   RO          803    .constdata          atts_task.obj
    0x20005954   0x20005954   0x00000008   Data   RO          804    .constdata          atts_task.obj
    0x2000595c   0x2000595c   0x00000010   Data   RO          805    .constdata          atts_task.obj
    0x2000596c   0x2000596c   0x00000048   Data   RO          825    .constdata          llc.obj
    0x200059b4   0x200059b4   0x00000010   Data   RO          826    .constdata          llc.obj
    0x200059c4   0x200059c4   0x000000b0   Data   RO          827    .constdata          llc.obj
    0x20005a74   0x20005a74   0x00000008   Data   RO          828    .constdata          llc.obj
    0x20005a7c   0x20005a7c   0x00000010   Data   RO          829    .constdata          llc.obj
    0x20005a8c   0x20005a8c   0x00000018   Data   RO          836    .constdata          gapc_task.obj
    0x20005aa4   0x20005aa4   0x00000008   Data   RO          837    .constdata          gapc_task.obj
    0x20005aac   0x20005aac   0x00000010   Data   RO          838    .constdata          gapc_task.obj
    0x20005abc   0x20005abc   0x00000008   Data   RO          868    .constdata          gpio.o
    0x20005ac4   0x20005ac4   0x00000010   Data   RO         1643    .constdata          custs1.o
    0x20005ad4   0x20005ad4   0x00000008   Data   RO         1662    .constdata          custs1_task.o
    0x20005adc   0x20005adc   0x00000008   Data   RO         1663    .constdata          custs1_task.o
    0x20005ae4   0x20005ae4   0x00000028   Data   RO         1664    .constdata          custs1_task.o
    0x20005b0c   0x20005b0c   0x00000008   Data   RO         1665    .constdata          custs1_task.o
    0x20005b14   0x20005b14   0x00000018   Data   RO         1666    .constdata          custs1_task.o
    0x20005b2c   0x20005b2c   0x00000008   Data   RO         1667    .constdata          custs1_task.o
    0x20005b34   0x20005b34   0x0000005c   Data   RO         1794    .constdata          app.o
    0x20005b90   0x20005b90   0x0000003c   Data   RO         1940    .constdata          app_task.o
    0x20005bcc   0x20005bcc   0x00000008   Data   RO         1941    .constdata          app_task.o
    0x20005bd4   0x20005bd4   0x00000008   Data   RO         1942    .constdata          app_task.o
    0x20005bdc   0x20005bdc   0x00000010   Data   RO         2084    .constdata          app_entry_point.o
    0x20005bec   0x20005bec   0x00000010   Data   RO         2386    .constdata          app_customs_task.o
    0x20005bfc   0x20005bfc   0x00000038   Data   RO         2562    .constdata          user_custs_config.o
    0x20005c34   0x20005c34   0x0000000f   Data   RO         2575    .conststring        user_custs1_def.o
    0x20005c43   0x20005c43   0x00000001   PAD
    0x20005c44   0x20005c44   0x00000030   Data   RO         2814    Region$$Table       anon$$obj.o
    0x20005c74   0x20005c74   0x00000004   Data   RW          619    .data               arch_system.o
    0x20005c78   0x20005c78   0x00000010   Data   RW         2576    .data               user_custs1_def.o
    0x20005c88   0x20005c88   0x00000010   Data   RW         2577    .data               user_custs1_def.o
    0x20005c98   0x20005c98   0x00000010   Data   RW         2578    .data               user_custs1_def.o
    0x20005ca8   0x20005ca8   0x00000013   Data   RW         2579    .data               user_custs1_def.o
    0x20005cbb   0x20005cbb   0x00000013   Data   RW         2580    .data               user_custs1_def.o
    0x20005cce   0x20005cce   0x00000002   Data   RW         2581    .data               user_custs1_def.o
    0x20005cd0   0x20005cd0   0x00000002   Data   RW         2582    .data               user_custs1_def.o
    0x20005cd2   0x20005cd2   0x00000002   Data   RW         2583    .data               user_custs1_def.o
    0x20005cd4   0x20005cd4   0x00000002   Data   RW         2584    .data               user_custs1_def.o
    0x20005cd6   0x20005cd6   0x00000002   PAD
    0x20005cd8   0x20005cd8   0x00000080   Data   RW         2585    .data               user_custs1_def.o
    0x20005d58   0x20005d58   0x0000001a   Data   RW         2728    .data               user_custs1_impl.o
    0x20005d72   0x20005d72   0x00000002   PAD
    0x20005d74   0x20005d74   0x00000004   Data   RW         2810    .data               mc_p.l(mvars.o)
    0x20005d78   0x20005d78   0x00000004   Data   RW         2811    .data               mc_p.l(mvars.o)


    Execution Region RW_IRAM50 (Exec base: 0x20008000, Load base: 0x20005d7c, Size: 0x00000130, Max: 0x00000bf4, ABSOLUTE)

    Exec Addr    Load Addr    Size         Type   Attr      Idx    E Section Name        Object

    0x20008000        -       0x00000002   Zero   RW         1258    .bss                spi.o
    0x20008002   0x20005d7c   0x00000002   PAD
    0x20008004        -       0x00000004   Zero   RW         2418    .bss                pwm.o
    0x20008008        -       0x00000002   Zero   RW         2688    .bss                i2c_sensor.o
    0x2000800a        -       0x00000003   Zero   RW         2744    .bss                user_main.o
    0x2000800d        -       0x00000006   Zero   RW          264    retention_mem_area0  nvds.o
    0x20008013        -       0x00000001   Zero   RW          285    retention_mem_area0  arch_main.o
    0x20008014        -       0x00000004   Zero   RW          560    retention_mem_area0  arch_sleep.o
    0x20008018        -       0x00000018   Zero   RW          620    retention_mem_area0  arch_system.o
    0x20008030        -       0x00000008   Zero   RW          810    retention_mem_area0  atts_util.obj
    0x20008038        -       0x00000018   Zero   RW          830    retention_mem_area0  llc.obj
    0x20008050        -       0x0000000c   Zero   RW          929    retention_mem_area0  wkupct_quadec.o
    0x2000805c        -       0x0000001c   Zero   RW         1295    retention_mem_area0  uart2.o
    0x20008078        -       0x00000001   Zero   RW         1347    retention_mem_area0  rf_580.o
    0x20008079   0x20005d7c   0x00000001   PAD
    0x2000807a        -       0x00000008   Zero   RW         1387    retention_mem_area0  rwble.o
    0x20008082   0x20005d7c   0x00000002   PAD
    0x20008084        -       0x00000004   Zero   RW         1509    retention_mem_area0  rwip.o
    0x20008088        -       0x00000004   Zero   RW         1510    retention_mem_area0  rwip.o
    0x2000808c        -       0x0000000e   Zero   RW         1644    retention_mem_area0  custs1.o
    0x2000809a        -       0x00000001   Zero   RW         1668    retention_mem_area0  custs1_task.o
    0x2000809b   0x20005d7c   0x00000001   PAD
    0x2000809c        -       0x00000038   Zero   RW         1797    retention_mem_area0  app.o
    0x200080d4        -       0x00000001   Zero   RW         1943    retention_mem_area0  app_task.o
    0x200080d5   0x20005d7c   0x00000003   PAD
    0x200080d8        -       0x00000050   Zero   RW         2333    retention_mem_area0  app_easy_timer.o
    0x20008128        -       0x00000006   Zero   RW         2746    retention_mem_area0  user_main.o


    Execution Region RW_IRAM51 (Exec base: 0x20008bf4, Load base: 0x20005d7c, Size: 0x0000040c, Max: 0x0000040c, ABSOLUTE, UNINIT)

    Exec Addr    Load Addr    Size         Type   Attr      Idx    E Section Name        Object

    0x20008bf4        -       0x0000040c   Zero   RW          458    heap_mem_area_not_ret  jump_table.o


    Execution Region RW_IRAM52 (Exec base: 0x20009000, Load base: 0x20005d7c, Size: 0x00000020, Max: 0x00000020, ABSOLUTE)

    Exec Addr    Load Addr    Size         Type   Attr      Idx    E Section Name        Object

    0x20009000        -       0x00000020   Zero   RW            1    RW_IRAM52.bss       anon$$obj.o


    Execution Region RW_IRAM53 (Exec base: 0x20009020, Load base: 0x20005d7c, Size: 0x000001c8, Max: 0x000001e0, ABSOLUTE)

    Exec Addr    Load Addr    Size         Type   Attr      Idx    E Section Name        Object

    0x20009020        -       0x000000bc   Zero   RW          867    .bss                gpio.o
    0x200090dc        -       0x0000000c   Zero   RW         2727    .bss                user_custs1_impl.o
    0x200090e8        -       0x00000100   Zero   RW          200    HEAP                boot_vectors.o


    Execution Region RW_IRAM54 (Exec base: 0x20009200, Load base: 0x20005d7c, Size: 0x00000600, Max: 0x00000600, ABSOLUTE, UNINIT)

    Exec Addr    Load Addr    Size         Type   Attr      Idx    E Section Name        Object

    0x20009200        -       0x00000600   Zero   RW          199    STACK               boot_vectors.o



  Load Region LR_RETENTION_RAM2 (Base: 0x00080768, Size: 0x00000000, Max: 0x00002898, ABSOLUTE)

    Execution Region ZI_RET20 (Exec base: 0x00080768, Load base: 0x00080768, Size: 0x00000a8c, Max: 0x000022b8, ABSOLUTE, UNINIT)

    Exec Addr    Load Addr    Size         Type   Attr      Idx    E Section Name        Object

    0x00080768        -       0x0000040c   Zero   RW          456    heap_db_area        jump_table.o
    0x00080b74        -       0x00000154   Zero   RW          457    heap_env_area       jump_table.o
    0x00080cc8        -       0x0000052c   Zero   RW          459    heap_msg_area       jump_table.o


    Execution Region ZI_RET21 (Exec base: 0x00082a20, Load base: 0x00080768, Size: 0x000005e0, Max: 0x000005e0, ABSOLUTE)

    Exec Addr    Load Addr    Size         Type   Attr      Idx    E Section Name        Object

    0x00082a20        -       0x000005de   Zero   RW          284    BLE_exchange_memory  arch_main.o



  Load Region LR$$.ARM.__AT_0x50000004 (Base: 0x50000004, Size: 0x00000000, Max: 0x00000004, ABSOLUTE)

    Execution Region ER$$.ARM.__AT_0x50000004 (Exec base: 0x50000004, Load base: 0x50000004, Size: 0x00000004, Max: 0x00000004, ABSOLUTE, UNINIT)

    Exec Addr    Load Addr    Size         Type   Attr      Idx    E Section Name        Object

    0x50000004        -       0x00000004   Zero   RW         2415    .ARM.__AT_0x50000004  pwm.o



  Load Region LR$$.ARM.__AT_0x50003400 (Base: 0x50003400, Size: 0x00000000, Max: 0x00000004, ABSOLUTE)

    Execution Region ER$$.ARM.__AT_0x50003400 (Exec base: 0x50003400, Load base: 0x50003400, Size: 0x00000004, Max: 0x00000004, ABSOLUTE, UNINIT)

    Exec Addr    Load Addr    Size         Type   Attr      Idx    E Section Name        Object

    0x50003400        -       0x00000004   Zero   RW         2416    .ARM.__AT_0x50003400  pwm.o



  Load Region LR$$.ARM.__AT_0x50003410 (Base: 0x50003410, Size: 0x00000000, Max: 0x00000004, ABSOLUTE)

    Execution Region ER$$.ARM.__AT_0x50003410 (Exec base: 0x50003410, Load base: 0x50003410, Size: 0x00000004, Max: 0x00000004, ABSOLUTE, UNINIT)

    Exec Addr    Load Addr    Size         Type   Attr      Idx    E Section Name        Object

    0x50003410        -       0x00000004   Zero   RW         2417    .ARM.__AT_0x50003410  pwm.o


==============================================================================

Image component sizes


      Code (inc. data)   RO Data    RW Data    ZI Data      Debug   Object Name

       208         14          0          0          0       1871   adc.o
      1104         30         92          0         56      18328   app.o
       108          8          0          0          0       1633   app_customs.o
        72          6         16          0          0       2101   app_customs_task.o
        72          4          0          0          0       2486   app_default_handlers.o
       476         26          0          0         80       5509   app_easy_timer.o
       136         10         16          0          0       3475   app_entry_point.o
        38          0          0          0          0       1183   app_msg_utils.o
       388         14         76          0          1      10792   app_task.o
       472         42          0          0       1503      19551   arch_main.o
       528         54        140          0          0      22474   arch_patch.o
       172         18          0          0          4       3677   arch_sleep.o
       812         70          0          4         24     102277   arch_system.o
       280          6          0          0          0       2065   attm_db_128.o
       288         32        112          0          0        144   atts_task.obj
       192          8          0          0          8        108   atts_util.obj
       108         22        160          0       1792        700   boot_vectors.o
       196         12          0          0          0        108   ch_map.obj
       176          4          0          0          0       2356   custom_common.o
        84         14         16          0         14       2158   custs1.o
       892         16         96          0          1       7369   custs1_task.o
       352         24         48          0          0        212   gapc_task.obj
         0          0        100          0          0       1028   gapm.o
       384         38          0          0          0        112   gapm_util.obj
       560         20          8          0        188      11507   gpio.o
       104         12          0          0          0       2836   hardfault_handler.o
        56          0          0          0          0       1690   i2c_light_sensor.o
       508         12          0          0          2       4452   i2c_sensor.o
        86          0          0          0          0       1357   i2c_temp_sensor.o
         2          0        374          0       3736      15159   jump_table.o
       208         16          0          0          0         96   ke_task.obj
      1236         42        288          0         24        520   llc.obj
       144         10          0          0          0         76   llc_con_update_ind.obj
       156         16          0          0          0       6427   nmi_handler.o
       184         28        164          0          6       2148   nvds.o
       228         12          0          0          0       2793   prf_utils.o
       228         60          0          0         16       6986   pwm.o
       752        176          0          0          1      65111   rf_580.o
       928         70          0          0          8     115488   rwble.o
       424         38          0          0          8      64790   rwip.o
       348         24          0          0          0        160   smpc.obj
       532          4          0          0          0         84   smpc_task.obj
       256         10          0          0          2       2231   spi.o
       204          0          0          0          0       1634   spi_adxl.o
         0          0          0          0          0        972   spi_flash.o
        44          0          0          0          0        629   syscntl.o
        80         18          0          0          0     199311   system_armcm0.o
       444         32          0          0          0       3227   trng.o
       220          8          0          0         28      16480   uart2.o
         0          0         15        222          0       1032   user_custs1_def.o
      2872        172          0         26         12       7528   user_custs1_impl.o
         0          0         56          0          0        685   user_custs_config.o
       432         40          0          0          9       5056   user_main.o
       416         16          0          0          0        792   user_periph_setup.o
       120         14          0          0         12       6168   wkupct_quadec.o

    ----------------------------------------------------------------------
     20948       1866       1828        256       7580     759142   Object Totals
      1632        544         48          0         32          0   (incl. Generated)
         6          0          3          4         13          0   (incl. Padding)

    ----------------------------------------------------------------------

      Code (inc. data)   RO Data    RW Data    ZI Data      Debug   Library Member Name

         0          0          0          0          0          0   entry.o
         0          0          0          0          0          0   entry10a.o
         0          0          0          0          0          0   entry11a.o
         8          4          0          0          0          0   entry2.o
         4          0          0          0          0          0   entry5.o
         0          0          0          0          0          0   entry7b.o
         0          0          0          0          0          0   entry8b.o
         8          4          0          0          0          0   entry9a.o
        30          0          0          0          0          0   handlers.o
        36          8          0          0          0         68   init.o
       192         20          0          0          0        144   malloc.o
         0          0          0          8          0          0   mvars.o
       240          6          0          0          0         84   ddiv.o
        60         10          0          0          0         68   dfixui.o

    ----------------------------------------------------------------------
       580         52          0          8          0        364   Library Totals
         2          0          0          0          0          0   (incl. Padding)

    ----------------------------------------------------------------------

      Code (inc. data)   RO Data    RW Data    ZI Data      Debug   Library Name

       278         36          0          8          0        212   mc_p.l
       300         16          0          0          0        152   mf_p.l

    ----------------------------------------------------------------------
       580         52          0          8          0        364   Library Totals

    ----------------------------------------------------------------------

==============================================================================


      Code (inc. data)   RO Data    RW Data    ZI Data      Debug   

     21528       1918       1828        264       7580     756094   Grand Totals
     21528       1918       1828        264       7580     756094   ELF Image Totals
     21528       1918       1828        264          0          0   ROM Totals

==============================================================================

    Total RO  Size (Code + RO Data)                23356 (  22.81kB)
    Total RW  Size (RW Data + ZI Data)              7844 (   7.66kB)
    Total ROM Size (Code + RO Data + RW Data)      23620 (  23.07kB)

==============================================================================

